<html>
<body>
<pre>
<h1>礦ision Build Log</h1>
<h2>Tool Versions:</h2>
IDE-Version: μVision V5.23.0.0
Copyright (C) 2017 ARM Ltd and ARM Germany GmbH. All rights reserved.
License Information: 1 1, 1, LIC=585FJ-UVGZ1-GK1BG-VSYGQ-30TQ1-0DNPH
 
Tool Versions:
Toolchain:       MDK-ARM Plus  Version: 5.23
Toolchain Path:  D:\Keil_v5\ARM\ARMCC\Bin
C Compiler:      Armcc.exe V5.06 update 4 (build 422)
Assembler:       Armasm.exe V5.06 update 4 (build 422)
Linker/Locator:  ArmLink.exe V5.06 update 4 (build 422)
Library Manager: ArmAr.exe V5.06 update 4 (build 422)
Hex Converter:   FromElf.exe V5.06 update 4 (build 422)
CPU DLL:         SARMCM3.DLL V5.23
Dialog DLL:      DCM.DLL V1.15.0.0
Target DLL:      STLink\ST-LINKIII-KEIL_SWO.dll V2.0.18.0
Dialog DLL:      TCM.DLL V1.27.0.0
 
<h2>Project:</h2>
d:\毕业设计\源代码\MDK-ARM\TLiteOS.uvprojx
Project File Date:  03/09/2021

<h2>Output:</h2>
*** Using Compiler 'V5.06 update 4 (build 422)', folder: 'D:\Keil_v5\ARM\ARMCC\Bin'
Rebuild target 'TLiteOS'
assembling startup_stm32f103xb.s...
compiling stm32f1xx_hal_msp.c...
compiling binky_demo.c...
compiling stm32f1xx_hal_rcc_ex.c...
compiling stm32f1xx_hal_gpio_ex.c...
compiling stm32f1xx_hal.c...
compiling stm32f1xx_hal_tim.c...
compiling stm32f1xx_it.c...
compiling main.c...
../Src/main.c(103): warning:  #177-D: variable "buf1"  was declared but never referenced
  	char buf1[] = {"LONG:"};
../Src/main.c(104): warning:  #177-D: variable "buf2"  was declared but never referenced
  	char buf2[] = {"word."};
../Src/main.c: 2 warnings, 0 errors
compiling stm32f1xx_hal_rcc.c...
compiling stm32f1xx_hal_tim_ex.c...
compiling stm32f1xx_hal_gpio.c...
compiling stm32f1xx_ll_usart.c...
compiling stm32f1xx_hal_dma.c...
compiling stm32f1xx_hal_cortex.c...
compiling stm32f1xx_hal_pwr.c...
compiling stm32f1xx_hal_flash.c...
compiling stm32f1xx_hal_flash_ex.c...
compiling stm32f1xx_hal_uart.c...
assembling los_dispatch_keil.S...
compiling stm32f1xx_hal_adc.c...
compiling stm32f1xx_hal_adc_ex.c...
compiling stm32f1xx_hal_i2s.c...
compiling system_stm32f1xx.c...
compiling stm32f1xx_hal_i2c.c...
compiling los_hw.c...
compiling los_hw_tick.c...
compiling los_hwi.c...
compiling los_init.c...
compiling los_priqueue.c...
compiling los_sys.c...
compiling los_swtmr.c...
compiling los_task.c...
compiling los_tick.c...
compiling los_timeslice.c...
compiling los_event.c...
compiling los_mux.c...
compiling los_queue.c...
compiling los_sem.c...
compiling los_slab.c...
compiling los_slabmem.c...
compiling los_misc.c...
compiling los_err.c...
compiling los_tickless.c...
compiling los_heap.c...
compiling los_memory.c...
compiling los_memcheck.c...
compiling Queue.c...
compiling los_memstat.c...
compiling los_membox.c...
compiling delay.c...
compiling sys.c...
compiling key.c...
compiling led.c...
compiling Uart_msp.c...
compiling Debug.c...
compiling 24cxx.c...
compiling adc.c...
compiling IIC_msp.c...
compiling tim.c...
compiling vl53l0x.c...
compiling vl53l0x_api_calibration.c...
compiling vl53l0x_api.c...
compiling vl53l0x_api_ranging.c...
compiling vl53l0x_api_core.c...
compiling vl53l0x_api_strings.c...
compiling vl53l0x_gen.c...
compiling vl53l0x_i2c.c...
compiling vl53l0x_platform.c...
compiling oled.c...
compiling font.c...
compiling OLED_IIC.c...
compiling hc05.c...
compiling timer.c...
compiling usart3.c...
linking...
Program Size: Code=39412 RO-data=1812 RW-data=1028 ZI-data=4564  
FromELF: creating hex file...
"T6_1\TLiteOS.axf" - 0 Error(s), 2 Warning(s).

<h2>Software Packages used:</h2>

Package Vendor: ARM
                http://www.keil.com/pack/ARM.CMSIS.5.0.1.pack
                ARM::CMSIS:CORE:5.0.1
                CMSIS (Cortex Microcontroller Software Interface Standard)
   * Component: CORE Version: 5.0.1

<h2>Collection of Component include folders:</h2>
  .\RTE\_TLiteOS
  D:\Keil_v5\ARM\PACK\ARM\CMSIS\5.0.1\CMSIS\Include
  D:\Keil_v5\ARM\PACK\Keil\STM32F1xx_DFP\2.2.0\Device\Include

<h2>Collection of Component Files used:</h2>

   * Component: ARM::CMSIS:CORE:5.0.1
Build Time Elapsed:  00:00:15
</pre>
</body>
</html>
