Component: ARM Compiler 5.06 update 4 (build 422) Tool: armlink [4d35d2]

==============================================================================

Section Cross References

    startup_stm32f103xb.o(RESET) refers to startup_stm32f103xb.o(STACK) for __initial_sp
    startup_stm32f103xb.o(RESET) refers to startup_stm32f103xb.o(.text) for Reset_Handler
    startup_stm32f103xb.o(RESET) refers to stm32f1xx_it.o(i.NMI_Handler) for NMI_Handler
    startup_stm32f103xb.o(RESET) refers to stm32f1xx_it.o(i.HardFault_Handler) for HardFault_Handler
    startup_stm32f103xb.o(RESET) refers to stm32f1xx_it.o(i.MemManage_Handler) for MemManage_Handler
    startup_stm32f103xb.o(RESET) refers to stm32f1xx_it.o(i.BusFault_Handler) for BusFault_Handler
    startup_stm32f103xb.o(RESET) refers to stm32f1xx_it.o(i.UsageFault_Handler) for UsageFault_Handler
    startup_stm32f103xb.o(RESET) refers to stm32f1xx_it.o(i.SVC_Handler) for SVC_Handler
    startup_stm32f103xb.o(RESET) refers to stm32f1xx_it.o(i.DebugMon_Handler) for DebugMon_Handler
    startup_stm32f103xb.o(RESET) refers to los_dispatch_keil.o(.text) for PendSV_Handler
    startup_stm32f103xb.o(RESET) refers to los_hwi.o(i.SysTick_Handler) for SysTick_Handler
    startup_stm32f103xb.o(RESET) refers to stm32f1xx_it.o(i.EXTI0_IRQHandler) for EXTI0_IRQHandler
    startup_stm32f103xb.o(RESET) refers to stm32f1xx_it.o(i.EXTI9_5_IRQHandler) for EXTI9_5_IRQHandler
    startup_stm32f103xb.o(RESET) refers to timer.o(i.TIM2_IRQHandler) for TIM2_IRQHandler
    startup_stm32f103xb.o(RESET) refers to uart_msp.o(i.USART1_IRQHandler) for USART1_IRQHandler
    startup_stm32f103xb.o(RESET) refers to usart3.o(i.USART3_IRQHandler) for USART3_IRQHandler
    startup_stm32f103xb.o(.text) refers to system_stm32f1xx.o(i.SystemInit) for SystemInit
    startup_stm32f103xb.o(.text) refers to entry.o(.ARM.Collect$$$$00000000) for __main
    main.o(i.HC08_TASK) refers to key.o(i.KEY_Init) for KEY_Init
    main.o(i.HC08_TASK) refers to hc05.o(i.HC05_Init) for HC05_Init
    main.o(i.HC08_TASK) refers to debug.o(i.Debug_Printf) for Debug_Printf
    main.o(i.HC08_TASK) refers to hc05.o(i.HC05_Role_Show) for HC05_Role_Show
    main.o(i.HC08_TASK) refers to key.o(i.KEY_Scan) for KEY_Scan
    main.o(i.HC08_TASK) refers to los_task.o(i.LOS_TaskDelay) for LOS_TaskDelay
    main.o(i.HC08_TASK) refers to hc05.o(i.HC05_Get_Role) for HC05_Get_Role
    main.o(i.HC08_TASK) refers to hc05.o(i.HC05_Set_Cmd) for HC05_Set_Cmd
    main.o(i.HC08_TASK) refers to usart3.o(i.u2_printf) for u2_printf
    main.o(i.HC08_TASK) refers to hc05.o(i.HC05_Sta_Show) for HC05_Sta_Show
    main.o(i.HC08_TASK) refers to strcmp.o(.text) for strcmp
    main.o(i.HC08_TASK) refers to usart3.o(.data) for USART3_RX_STA
    main.o(i.HC08_TASK) refers to usart3.o(.bss) for USART3_RX_BUF
    main.o(i.MX_GPIO_Init) refers to stm32f1xx_hal_gpio.o(i.HAL_GPIO_Init) for HAL_GPIO_Init
    main.o(i.MX_GPIO_Init) refers to stm32f1xx_hal_gpio.o(i.HAL_GPIO_WritePin) for HAL_GPIO_WritePin
    main.o(i.MX_GPIO_Init) refers to stm32f1xx_hal_cortex.o(i.HAL_NVIC_SetPriority) for HAL_NVIC_SetPriority
    main.o(i.MX_GPIO_Init) refers to stm32f1xx_hal_cortex.o(i.HAL_NVIC_EnableIRQ) for HAL_NVIC_EnableIRQ
    main.o(i.OLED_DISPLAY_TASK) refers to oled.o(i.Oled_Init) for Oled_Init
    main.o(i.OLED_DISPLAY_TASK) refers to oled.o(i.Oled_Display_String) for Oled_Display_String
    main.o(i.SystemClock_Config) refers to memseta.o(.text) for __aeabi_memclr4
    main.o(i.SystemClock_Config) refers to stm32f1xx_hal_rcc.o(i.HAL_RCC_OscConfig) for HAL_RCC_OscConfig
    main.o(i.SystemClock_Config) refers to main.o(i.Error_Handler) for Error_Handler
    main.o(i.SystemClock_Config) refers to stm32f1xx_hal_rcc.o(i.HAL_RCC_ClockConfig) for HAL_RCC_ClockConfig
    main.o(i.VL53L0X_TASK) refers to debug.o(i.Debug_Printf) for Debug_Printf
    main.o(i.VL53L0X_TASK) refers to vl53l0x.o(i.vl53l0x_test) for vl53l0x_test
    main.o(i.creat_HC08_TASK) refers to los_task.o(i.LOS_TaskCreate) for LOS_TaskCreate
    main.o(i.creat_HC08_TASK) refers to main.o(i.HC08_TASK) for HC08_TASK
    main.o(i.creat_HC08_TASK) refers to main.o(.data) for .data
    main.o(i.creat_OLED_DISPLAY_TASK) refers to los_task.o(i.LOS_TaskCreate) for LOS_TaskCreate
    main.o(i.creat_OLED_DISPLAY_TASK) refers to main.o(i.OLED_DISPLAY_TASK) for OLED_DISPLAY_TASK
    main.o(i.creat_OLED_DISPLAY_TASK) refers to main.o(.data) for .data
    main.o(i.creat_VL53L0X_TASK) refers to los_task.o(i.LOS_TaskCreate) for LOS_TaskCreate
    main.o(i.creat_VL53L0X_TASK) refers to main.o(i.VL53L0X_TASK) for VL53L0X_TASK
    main.o(i.creat_VL53L0X_TASK) refers to main.o(.data) for .data
    main.o(i.main) refers to stm32f1xx_hal.o(i.HAL_Init) for HAL_Init
    main.o(i.main) refers to adc.o(i.Adc_Init) for Adc_Init
    main.o(i.main) refers to main.o(i.SystemClock_Config) for SystemClock_Config
    main.o(i.main) refers to 24cxx.o(i.AT24CXX_Init) for AT24CXX_Init
[...]
    _float_round                             0x080005ad   Thumb Code    18  fepilogue.o(.text)
    _float_epilogue                          0x080005bf   Thumb Code    92  fepilogue.o(.text)
    _double_round                            0x0800061b   Thumb Code    30  depilogue.o(.text)
    _double_epilogue                         0x08000639   Thumb Code   156  depilogue.o(.text)
    __aeabi_dadd                             0x080006d5   Thumb Code   322  dadd.o(.text)
    __aeabi_dsub                             0x08000817   Thumb Code     6  dadd.o(.text)
    __aeabi_drsub                            0x0800081d   Thumb Code     6  dadd.o(.text)
    __aeabi_cdrcmple                         0x08000825   Thumb Code    48  cdrcmple.o(.text)
    __scatterload                            0x08000855   Thumb Code    28  init.o(.text)
    __scatterload_rt2                        0x08000855   Thumb Code     0  init.o(.text)
    __aeabi_lasr                             0x08000879   Thumb Code    36  llsshr.o(.text)
    _ll_sshift_r                             0x08000879   Thumb Code     0  llsshr.o(.text)
    __decompress                             0x0800089d   Thumb Code     0  __dczerorl2.o(.text)
    __decompress1                            0x0800089d   Thumb Code    86  __dczerorl2.o(.text)
    ADC_ConversionStop_Disable               0x080008f3   Thumb Code    74  stm32f1xx_hal_adc.o(i.ADC_ConversionStop_Disable)
    ADC_Enable                               0x0800093d   Thumb Code   108  stm32f1xx_hal_adc.o(i.ADC_Enable)
    AT24CXX_Init                             0x080009b1   Thumb Code     4  24cxx.o(i.AT24CXX_Init)
    AT24CXX_Read                             0x080009b5   Thumb Code    34  24cxx.o(i.AT24CXX_Read)
    AT24CXX_ReadOneByte                      0x080009d7   Thumb Code    66  24cxx.o(i.AT24CXX_ReadOneByte)
    Adc_Init                                 0x08000a19   Thumb Code    56  adc.o(i.Adc_Init)
    Blinky_Demo                              0x08000a59   Thumb Code   214  binky_demo.o(i.Blinky_Demo)
    BusFault_Handler                         0x08000ba1   Thumb Code     2  stm32f1xx_it.o(i.BusFault_Handler)
    DebugMon_Handler                         0x08000ba3   Thumb Code     2  stm32f1xx_it.o(i.DebugMon_Handler)
    Debug_Printf                             0x08000ba5   Thumb Code    96  debug.o(i.Debug_Printf)
    EXTI0_IRQHandler                         0x08000c0d   Thumb Code     6  stm32f1xx_it.o(i.EXTI0_IRQHandler)
    EXTI9_5_IRQHandler                       0x08000c13   Thumb Code    22  stm32f1xx_it.o(i.EXTI9_5_IRQHandler)
    Error_Handler                            0x08000c29   Thumb Code     2  main.o(i.Error_Handler)
    Get_Adc                                  0x08000c2d   Thumb Code    44  adc.o(i.Get_Adc)
    Get_Adc_Average                          0x08000c5d   Thumb Code    40  adc.o(i.Get_Adc_Average)
    HAL_ADCEx_Calibration_Start              0x08000c85   Thumb Code   222  stm32f1xx_hal_adc_ex.o(i.HAL_ADCEx_Calibration_Start)
    HAL_ADC_ConfigChannel                    0x08000d69   Thumb Code   250  stm32f1xx_hal_adc.o(i.HAL_ADC_ConfigChannel)
    HAL_ADC_GetValue                         0x08000e71   Thumb Code     6  stm32f1xx_hal_adc.o(i.HAL_ADC_GetValue)
    HAL_ADC_Init                             0x08000e79   Thumb Code   272  stm32f1xx_hal_adc.o(i.HAL_ADC_Init)
    HAL_ADC_MspInit                          0x08000f91   Thumb Code    62  adc.o(i.HAL_ADC_MspInit)
    HAL_ADC_PollForConversion                0x08000fd9   Thumb Code   304  stm32f1xx_hal_adc.o(i.HAL_ADC_PollForConversion)
    HAL_ADC_Start                            0x08001115   Thumb Code   200  stm32f1xx_hal_adc.o(i.HAL_ADC_Start)
    HAL_GPIO_EXTI_Callback                   0x080011e5   Thumb Code     2  stm32f1xx_hal_gpio.o(i.HAL_GPIO_EXTI_Callback)
    HAL_GPIO_EXTI_IRQHandler                 0x080011e9   Thumb Code    18  stm32f1xx_hal_gpio.o(i.HAL_GPIO_EXTI_IRQHandler)
    HAL_GPIO_Init                            0x08001201   Thumb Code   460  stm32f1xx_hal_gpio.o(i.HAL_GPIO_Init)
    HAL_GPIO_ReadPin                         0x080013ed   Thumb Code    14  stm32f1xx_hal_gpio.o(i.HAL_GPIO_ReadPin)
    HAL_GPIO_TogglePin                       0x080013fb   Thumb Code     8  stm32f1xx_hal_gpio.o(i.HAL_GPIO_TogglePin)
    HAL_GPIO_WritePin                        0x08001403   Thumb Code    14  stm32f1xx_hal_gpio.o(i.HAL_GPIO_WritePin)
    HAL_GetTick                              0x08001411   Thumb Code     6  stm32f1xx_hal.o(i.HAL_GetTick)
    HAL_Init                                 0x0800141d   Thumb Code    32  stm32f1xx_hal.o(i.HAL_Init)
    HAL_InitTick                             0x08001441   Thumb Code    58  stm32f1xx_hal.o(i.HAL_InitTick)
    HAL_MspInit                              0x08001485   Thumb Code    52  stm32f1xx_hal_msp.o(i.HAL_MspInit)
    HAL_NVIC_EnableIRQ                       0x080014c1   Thumb Code    22  stm32f1xx_hal_cortex.o(i.HAL_NVIC_EnableIRQ)
    HAL_NVIC_SetPriority                     0x080014d9   Thumb Code    60  stm32f1xx_hal_cortex.o(i.HAL_NVIC_SetPriority)
    HAL_NVIC_SetPriorityGrouping             0x08001519   Thumb Code    26  stm32f1xx_hal_cortex.o(i.HAL_NVIC_SetPriorityGrouping)
    HAL_RCCEx_GetPeriphCLKFreq               0x0800153d   Thumb Code   176  stm32f1xx_hal_rcc_ex.o(i.HAL_RCCEx_GetPeriphCLKFreq)
    HAL_RCCEx_PeriphCLKConfig                0x0800160d   Thumb Code   256  stm32f1xx_hal_rcc_ex.o(i.HAL_RCCEx_PeriphCLKConfig)
    HAL_RCC_ClockConfig                      0x08001719   Thumb Code   364  stm32f1xx_hal_rcc.o(i.HAL_RCC_ClockConfig)
    HAL_RCC_GetHCLKFreq                      0x08001895   Thumb Code     6  stm32f1xx_hal_rcc.o(i.HAL_RCC_GetHCLKFreq)
    HAL_RCC_GetPCLK1Freq                     0x080018a1   Thumb Code    22  stm32f1xx_hal_rcc.o(i.HAL_RCC_GetPCLK1Freq)
    HAL_RCC_GetPCLK2Freq                     0x080018c1   Thumb Code    22  stm32f1xx_hal_rcc.o(i.HAL_RCC_GetPCLK2Freq)
    HAL_RCC_GetSysClockFreq                  0x080018e1   Thumb Code    82  stm32f1xx_hal_rcc.o(i.HAL_RCC_GetSysClockFreq)
    HAL_RCC_OscConfig                        0x08001955   Thumb Code   840  stm32f1xx_hal_rcc.o(i.HAL_RCC_OscConfig)
    HAL_SYSTICK_Config                       0x08001cad   Thumb Code    40  stm32f1xx_hal_cortex.o(i.HAL_SYSTICK_Config)
    HAL_TIM_Base_Init                        0x08001cd5   Thumb Code    56  stm32f1xx_hal_tim.o(i.HAL_TIM_Base_Init)
    HAL_TIM_Base_MspInit                     0x08001d0d   Thumb Code    30  tim.o(i.HAL_TIM_Base_MspInit)
    HAL_TIM_Base_Start_IT                    0x08001d35   Thumb Code    24  stm32f1xx_hal_tim.o(i.HAL_TIM_Base_Start_IT)
    HAL_UART_Init                            0x08001d4d   Thumb Code   100  stm32f1xx_hal_uart.o(i.HAL_UART_Init)
    HAL_UART_MspInit                         0x08001db1   Thumb Code   116  uart_msp.o(i.HAL_UART_MspInit)
    HAL_UART_Receive                         0x08001e31   Thumb Code   210  stm32f1xx_hal_uart.o(i.HAL_UART_Receive)
    HAL_UART_Transmit                        0x08001f03   Thumb Code   204  stm32f1xx_hal_uart.o(i.HAL_UART_Transmit)
    HC05_Get_Role                            0x08001fd1   Thumb Code   120  hc05.o(i.HC05_Get_Role)
    HC05_Init                                0x08002061   Thumb Code   218  hc05.o(i.HC05_Init)
    HC05_Role_Show                           0x0800216d   Thumb Code    30  hc05.o(i.HC05_Role_Show)
    HC05_Set_Cmd                             0x080021ad   Thumb Code   110  hc05.o(i.HC05_Set_Cmd)
    HC05_Sta_Show                            0x08002231   Thumb Code    42  hc05.o(i.HC05_Sta_Show)
    HC08_TASK                                0x08002289   Thumb Code   282  main.o(i.HC08_TASK)
    HardFault_Handler                        0x08002475   Thumb Code     2  stm32f1xx_it.o(i.HardFault_Handler)
    IIC_Ack                                  0x08002479   Thumb Code    32  iic_msp.o(i.IIC_Ack)
    IIC_Init                                 0x0800249d   Thumb Code    60  iic_msp.o(i.IIC_Init)
    IIC_NAck                                 0x080024e1   Thumb Code    32  iic_msp.o(i.IIC_NAck)
    IIC_Read_Byte                            0x08002505   Thumb Code    82  iic_msp.o(i.IIC_Read_Byte)
    IIC_SDA_IN                               0x0800255d   Thumb Code    24  iic_msp.o(i.IIC_SDA_IN)
    IIC_SDA_OUT                              0x08002579   Thumb Code    24  iic_msp.o(i.IIC_SDA_OUT)
    IIC_Send_Byte                            0x08002595   Thumb Code    64  iic_msp.o(i.IIC_Send_Byte)
    IIC_Start                                0x080025d9   Thumb Code    34  iic_msp.o(i.IIC_Start)
    IIC_Stop                                 0x08002601   Thumb Code    36  iic_msp.o(i.IIC_Stop)
    IIC_Wait_Ack                             0x08002629   Thumb Code    64  iic_msp.o(i.IIC_Wait_Ack)
    IIC_delay                                0x0800266d   Thumb Code    10  iic_msp.o(i.IIC_delay)
    KEY_Init                                 0x08002679   Thumb Code   112  key.o(i.KEY_Init)
    KEY_Scan                                 0x080026f9   Thumb Code   204  key.o(i.KEY_Scan)
    LOS_Align                                0x080027d5   Thumb Code    20  los_misc.o(i.LOS_Align)
    LOS_ErrHandle                            0x080027e9   Thumb Code    34  los_err.o(i.LOS_ErrHandle)
    LOS_KernelInit                           0x08002815   Thumb Code   144  los_init.o(i.LOS_KernelInit)
    LOS_MemAlloc                             0x08002997   Thumb Code    42  los_memory.o(i.LOS_MemAlloc)
    LOS_MemAllocAlign                        0x080029c1   Thumb Code     4  los_memory.o(i.LOS_MemAllocAlign)
    LOS_MemFree                              0x080029c5   Thumb Code    48  los_memory.o(i.LOS_MemFree)
    LOS_MemInit                              0x080029f5   Thumb Code   188  los_memory.o(i.LOS_MemInit)
    LOS_MuxCreate                            0x08002aed   Thumb Code   106  los_mux.o(i.LOS_MuxCreate)
    LOS_MuxPend                              0x08002b79   Thumb Code   282  los_mux.o(i.LOS_MuxPend)
    LOS_MuxPost                              0x08002ce9   Thumb Code   192  los_mux.o(i.LOS_MuxPost)
    LOS_QueueCreate                          0x08002dcd   Thumb Code   182  los_queue.o(i.LOS_QueueCreate)
    LOS_QueueReadCopy                        0x08002e91   Thumb Code    42  los_queue.o(i.LOS_QueueReadCopy)
    LOS_QueueWriteCopy                       0x08002ebb   Thumb Code    44  los_queue.o(i.LOS_QueueWriteCopy)
    LOS_Schedule                             0x08002ee9   Thumb Code    54  los_hw.o(i.LOS_Schedule)
    LOS_Start                                0x08002f29   Thumb Code    34  los_init.o(i.LOS_Start)
    LOS_SwtmrCreate                          0x08002f69   Thumb Code   160  los_swtmr.o(i.LOS_SwtmrCreate)
    LOS_SwtmrStart                           0x08003011   Thumb Code   188  los_swtmr.o(i.LOS_SwtmrStart)
    LOS_TaskCreate                           0x080030d9   Thumb Code   110  los_task.o(i.LOS_TaskCreate)
    LOS_TaskCreateOnly                       0x0800314d   Thumb Code   322  los_task.o(i.LOS_TaskCreateOnly)
    LOS_TaskDelay                            0x080032b9   Thumb Code    94  los_task.o(i.LOS_TaskDelay)
    LOS_TaskDelete                           0x08003325   Thumb Code   328  los_task.o(i.LOS_TaskDelete)
    LOS_TaskYield                            0x08003479   Thumb Code   104  los_task.o(i.LOS_TaskYield)
    LOS_TickCountGet                         0x080034e9   Thumb Code     6  los_sys.o(i.LOS_TickCountGet)
    MemManage_Handler                        0x08003619   Thumb Code     2  stm32f1xx_it.o(i.MemManage_Handler)
    NMI_Handler                              0x0800361b   Thumb Code     2  stm32f1xx_it.o(i.NMI_Handler)
    OLED_Clear                               0x0800363d   Thumb Code    54  oled.o(i.OLED_Clear)
    OLED_DISPLAY_TASK                        0x08003675   Thumb Code    64  main.o(i.OLED_DISPLAY_TASK)
    OLED_IIC_Pin_Init                        0x080036d5   Thumb Code    56  oled_iic.o(i.OLED_IIC_Pin_Init)
    OLED_IIC_Reception_Ack                   0x08003719   Thumb Code    40  oled_iic.o(i.OLED_IIC_Reception_Ack)
    OLED_IIC_Send_Data                       0x08003745   Thumb Code    74  oled_iic.o(i.OLED_IIC_Send_Data)
    OLED_IIC_Start                           0x08003795   Thumb Code    48  oled_iic.o(i.OLED_IIC_Start)
    OLED_IIC_Stop                            0x080037cd   Thumb Code    50  oled_iic.o(i.OLED_IIC_Stop)
    OLED_Send_Command                        0x08003809   Thumb Code    34  oled.o(i.OLED_Send_Command)
    Oled_Address                             0x0800382b   Thumb Code    34  oled.o(i.Oled_Address)
    Oled_Display_Char                        0x0800384d   Thumb Code    78  oled.o(i.Oled_Display_Char)
    Oled_Display_String                      0x080038a1   Thumb Code    32  oled.o(i.Oled_Display_String)
    Oled_Init                                0x080038c1   Thumb Code   190  oled.o(i.Oled_Init)
    Oled_Write_Data                          0x0800397f   Thumb Code    34  oled.o(i.Oled_Write_Data)
    QUEUE_PacketCreate                       0x080039a1   Thumb Code    12  queue.o(i.QUEUE_PacketCreate)
    QUEUE_PacketIn                           0x080039ad   Thumb Code    48  queue.o(i.QUEUE_PacketIn)
    SVC_Handler                              0x08003a01   Thumb Code     2  stm32f1xx_it.o(i.SVC_Handler)
    SysTick_Handler                          0x08003a05   Thumb Code    28  los_hwi.o(i.SysTick_Handler)
    SystemClock_Config                       0x08003a29   Thumb Code    88  main.o(i.SystemClock_Config)
    SystemInit                               0x08003a81   Thumb Code    56  system_stm32f1xx.o(i.SystemInit)
    TIM2_IRQHandler                          0x08003ac9   Thumb Code    56  timer.o(i.TIM2_IRQHandler)
    TIM2_Init                                0x08003b09   Thumb Code    74  timer.o(i.TIM2_Init)
    TIM_Base_SetConfig                       0x08003b5d   Thumb Code    94  stm32f1xx_hal_tim.o(i.TIM_Base_SetConfig)
    USART1_IRQHandler                        0x0800407d   Thumb Code    62  uart_msp.o(i.USART1_IRQHandler)
    USART3_IRQHandler                        0x080040c5   Thumb Code    92  usart3.o(i.USART3_IRQHandler)
    USART3_Init                              0x08004131   Thumb Code   182  usart3.o(i.USART3_Init)
    Uart_Init                                0x08004201   Thumb Code    70  uart_msp.o(i.Uart_Init)
    Uart_Write                               0x08004259   Thumb Code    44  uart_msp.o(i.Uart_Write)
    UsageFault_Handler                       0x0800428d   Thumb Code     2  stm32f1xx_it.o(i.UsageFault_Handler)
    VL53L0X_CheckAndLoadInterruptSettings    0x08004291   Thumb Code   122  vl53l0x_api.o(i.VL53L0X_CheckAndLoadInterruptSettings)
    VL53L0X_ClearInterruptMask               0x08004311   Thumb Code    74  vl53l0x_api.o(i.VL53L0X_ClearInterruptMask)
    VL53L0X_DataInit                         0x0800435d   Thumb Code   396  vl53l0x_api.o(i.VL53L0X_DataInit)
    VL53L0X_GetDeviceInfo                    0x080044f1   Thumb Code     4  vl53l0x_api.o(i.VL53L0X_GetDeviceInfo)
    VL53L0X_GetDeviceMode                    0x080044f5   Thumb Code    10  vl53l0x_api.o(i.VL53L0X_GetDeviceMode)
    VL53L0X_GetDeviceParameters              0x080044ff   Thumb Code   130  vl53l0x_api.o(i.VL53L0X_GetDeviceParameters)
    VL53L0X_GetFractionEnable                0x08004581   Thumb Code    26  vl53l0x_api.o(i.VL53L0X_GetFractionEnable)
    VL53L0X_GetInterMeasurementPeriodMilliSeconds 0x0800459b   Thumb Code    52  vl53l0x_api.o(i.VL53L0X_GetInterMeasurementPeriodMilliSeconds)
    VL53L0X_GetInterruptMaskStatus           0x080045cf   Thumb Code    34  vl53l0x_api.o(i.VL53L0X_GetInterruptMaskStatus)
    VL53L0X_GetInterruptThresholds           0x080045f1   Thumb Code    54  vl53l0x_api.o(i.VL53L0X_GetInterruptThresholds)
    VL53L0X_GetLimitCheckEnable              0x08004627   Thumb Code    26  vl53l0x_api.o(i.VL53L0X_GetLimitCheckEnable)
    VL53L0X_GetLimitCheckValue               0x08004641   Thumb Code   136  vl53l0x_api.o(i.VL53L0X_GetLimitCheckValue)
    VL53L0X_GetMeasurementDataReady          0x080046c9   Thumb Code    64  vl53l0x_api.o(i.VL53L0X_GetMeasurementDataReady)
    VL53L0X_GetMeasurementTimingBudgetMicroSeconds 0x08004709   Thumb Code     4  vl53l0x_api.o(i.VL53L0X_GetMeasurementTimingBudgetMicroSeconds)
    VL53L0X_GetOffsetCalibrationDataMicroMeter 0x0800470d   Thumb Code     4  vl53l0x_api.o(i.VL53L0X_GetOffsetCalibrationDataMicroMeter)
    VL53L0X_GetPalErrorString                0x08004711   Thumb Code     4  vl53l0x_api.o(i.VL53L0X_GetPalErrorString)
    VL53L0X_GetRangeStatusString             0x08004715   Thumb Code     4  vl53l0x_api.o(i.VL53L0X_GetRangeStatusString)
    VL53L0X_GetRangingMeasurementData        0x08004719   Thumb Code   298  vl53l0x_api.o(i.VL53L0X_GetRangingMeasurementData)
    VL53L0X_GetSequenceStepEnables           0x08004843   Thumb Code   104  vl53l0x_api.o(i.VL53L0X_GetSequenceStepEnables)
    VL53L0X_GetVcselPulsePeriod              0x080048ab   Thumb Code     4  vl53l0x_api.o(i.VL53L0X_GetVcselPulsePeriod)
    VL53L0X_GetWrapAroundCheckEnable         0x080048af   Thumb Code    52  vl53l0x_api.o(i.VL53L0X_GetWrapAroundCheckEnable)
    VL53L0X_GetXTalkCompensationEnable       0x080048e3   Thumb Code    10  vl53l0x_api.o(i.VL53L0X_GetXTalkCompensationEnable)
    VL53L0X_GetXTalkCompensationRateMegaCps  0x080048ed   Thumb Code    48  vl53l0x_api.o(i.VL53L0X_GetXTalkCompensationRateMegaCps)
    VL53L0X_PerformRefCalibration            0x0800491d   Thumb Code     6  vl53l0x_api.o(i.VL53L0X_PerformRefCalibration)
    VL53L0X_PerformRefSpadManagement         0x08004923   Thumb Code     4  vl53l0x_api.o(i.VL53L0X_PerformRefSpadManagement)
    VL53L0X_PerformSingleMeasurement         0x08004927   Thumb Code    50  vl53l0x_api.o(i.VL53L0X_PerformSingleMeasurement)
    VL53L0X_PerformSingleRangingMeasurement  0x08004959   Thumb Code    50  vl53l0x_api.o(i.VL53L0X_PerformSingleRangingMeasurement)
    VL53L0X_PollingDelay                     0x0800498b   Thumb Code    24  vl53l0x_platform.o(i.VL53L0X_PollingDelay)
    VL53L0X_RdByte                           0x080049a3   Thumb Code    22  vl53l0x_platform.o(i.VL53L0X_RdByte)
    VL53L0X_RdDWord                          0x080049b9   Thumb Code    22  vl53l0x_platform.o(i.VL53L0X_RdDWord)
    VL53L0X_RdWord                           0x080049cf   Thumb Code    22  vl53l0x_platform.o(i.VL53L0X_RdWord)
    VL53L0X_ReadMulti                        0x080049e5   Thumb Code    30  vl53l0x_platform.o(i.VL53L0X_ReadMulti)
    VL53L0X_SetDeviceAddress                 0x08004a03   Thumb Code     8  vl53l0x_api.o(i.VL53L0X_SetDeviceAddress)
    VL53L0X_SetDeviceMode                    0x08004a0b   Thumb Code    36  vl53l0x_api.o(i.VL53L0X_SetDeviceMode)
    VL53L0X_SetGpioConfig                    0x08004a2f   Thumb Code   360  vl53l0x_api.o(i.VL53L0X_SetGpioConfig)
    VL53L0X_SetLimitCheckEnable              0x08004b97   Thumb Code   148  vl53l0x_api.o(i.VL53L0X_SetLimitCheckEnable)
    VL53L0X_SetLimitCheckValue               0x08004c2b   Thumb Code    90  vl53l0x_api.o(i.VL53L0X_SetLimitCheckValue)
    VL53L0X_SetMeasurementTimingBudgetMicroSeconds 0x08004c85   Thumb Code     4  vl53l0x_api.o(i.VL53L0X_SetMeasurementTimingBudgetMicroSeconds)
    VL53L0X_SetOffsetCalibrationDataMicroMeter 0x08004c89   Thumb Code     4  vl53l0x_api.o(i.VL53L0X_SetOffsetCalibrationDataMicroMeter)
    VL53L0X_SetRefCalibration                0x08004c8d   Thumb Code     4  vl53l0x_api.o(i.VL53L0X_SetRefCalibration)
    VL53L0X_SetReferenceSpads                0x08004c91   Thumb Code     4  vl53l0x_api.o(i.VL53L0X_SetReferenceSpads)
    VL53L0X_SetSequenceStepEnable            0x08004c95   Thumb Code   180  vl53l0x_api.o(i.VL53L0X_SetSequenceStepEnable)
    VL53L0X_SetVcselPulsePeriod              0x08004d49   Thumb Code     4  vl53l0x_api.o(i.VL53L0X_SetVcselPulsePeriod)
    VL53L0X_SetXTalkCompensationRateMegaCps  0x08004d4d   Thumb Code    52  vl53l0x_api.o(i.VL53L0X_SetXTalkCompensationRateMegaCps)
    VL53L0X_StartMeasurement                 0x08004d81   Thumb Code   236  vl53l0x_api.o(i.VL53L0X_StartMeasurement)
    VL53L0X_StaticInit                       0x08004e6d   Thumb Code   402  vl53l0x_api.o(i.VL53L0X_StaticInit)
    VL53L0X_TASK                             0x08005005   Thumb Code    12  main.o(i.VL53L0X_TASK)
    VL53L0X_UpdateByte                       0x08005041   Thumb Code    68  vl53l0x_platform.o(i.VL53L0X_UpdateByte)
    VL53L0X_WrByte                           0x08005085   Thumb Code    22  vl53l0x_platform.o(i.VL53L0X_WrByte)
    VL53L0X_WrWord                           0x0800509b   Thumb Code    22  vl53l0x_platform.o(i.VL53L0X_WrWord)
    VL53L0X_WriteMulti                       0x080050b1   Thumb Code    30  vl53l0x_platform.o(i.VL53L0X_WriteMulti)
    VL53L0X_calc_dmax                        0x080050d1   Thumb Code   216  vl53l0x_api_core.o(i.VL53L0X_calc_dmax)
    VL53L0X_calc_macro_period_ps             0x080051ad   Thumb Code    16  vl53l0x_api_core.o(i.VL53L0X_calc_macro_period_ps)
    VL53L0X_calc_sigma_estimate              0x080051bd   Thumb Code   560  vl53l0x_api_core.o(i.VL53L0X_calc_sigma_estimate)
    VL53L0X_calc_timeout_mclks               0x080053f9   Thumb Code    34  vl53l0x_api_core.o(i.VL53L0X_calc_timeout_mclks)
    VL53L0X_calc_timeout_us                  0x0800541b   Thumb Code    34  vl53l0x_api_core.o(i.VL53L0X_calc_timeout_us)
    VL53L0X_check_part_used                  0x0800543d   Thumb Code    62  vl53l0x_api_strings.o(i.VL53L0X_check_part_used)
    VL53L0X_decode_timeout                   0x0800547b   Thumb Code    12  vl53l0x_api_core.o(i.VL53L0X_decode_timeout)
    VL53L0X_decode_vcsel_period              0x08005487   Thumb Code     8  vl53l0x_api_core.o(i.VL53L0X_decode_vcsel_period)
    VL53L0X_device_read_strobe               0x0800548f   Thumb Code    74  vl53l0x_api_core.o(i.VL53L0X_device_read_strobe)
    VL53L0X_encode_timeout                   0x080054d9   Thumb Code    32  vl53l0x_api_core.o(i.VL53L0X_encode_timeout)
    VL53L0X_encode_vcsel_period              0x080054f9   Thumb Code    10  vl53l0x_api_core.o(i.VL53L0X_encode_vcsel_period)
    VL53L0X_get_device_info                  0x08005505   Thumb Code   134  vl53l0x_api_strings.o(i.VL53L0X_get_device_info)
    VL53L0X_get_info_from_device             0x080055d1   Thumb Code  1310  vl53l0x_api_core.o(i.VL53L0X_get_info_from_device)
    VL53L0X_get_measurement_timing_budget_micro_seconds 0x08005aef   Thumb Code   196  vl53l0x_api_core.o(i.VL53L0X_get_measurement_timing_budget_micro_seconds)
    VL53L0X_get_offset_calibration_data_micro_meter 0x08005bb3   Thumb Code    58  vl53l0x_api_calibration.o(i.VL53L0X_get_offset_calibration_data_micro_meter)
    VL53L0X_get_pal_error_string             0x08005bed   Thumb Code   248  vl53l0x_api_strings.o(i.VL53L0X_get_pal_error_string)
    VL53L0X_get_pal_range_status             0x08005e85   Thumb Code   504  vl53l0x_api_core.o(i.VL53L0X_get_pal_range_status)
    VL53L0X_get_range_status_string          0x0800607d   Thumb Code    80  vl53l0x_api_strings.o(i.VL53L0X_get_range_status_string)
    VL53L0X_get_total_signal_rate            0x0800613d   Thumb Code    28  vl53l0x_api_core.o(i.VL53L0X_get_total_signal_rate)
    VL53L0X_get_total_xtalk_rate             0x08006159   Thumb Code    46  vl53l0x_api_core.o(i.VL53L0X_get_total_xtalk_rate)
    VL53L0X_get_vcsel_pulse_period           0x08006187   Thumb Code    58  vl53l0x_api_core.o(i.VL53L0X_get_vcsel_pulse_period)
    VL53L0X_i2c_init                         0x080061c1   Thumb Code    60  vl53l0x_i2c.o(i.VL53L0X_i2c_init)
    VL53L0X_isqrt                            0x08006205   Thumb Code    42  vl53l0x_api_core.o(i.VL53L0X_isqrt)
    VL53L0X_load_tuning_settings             0x0800622f   Thumb Code   168  vl53l0x_api_core.o(i.VL53L0X_load_tuning_settings)
    VL53L0X_measurement_poll_for_completion  0x080062d7   Thumb Code    52  vl53l0x_api_core.o(i.VL53L0X_measurement_poll_for_completion)
    VL53L0X_perform_phase_calibration        0x0800630b   Thumb Code   112  vl53l0x_api_calibration.o(i.VL53L0X_perform_phase_calibration)
    VL53L0X_perform_ref_calibration          0x0800637b   Thumb Code    64  vl53l0x_api_calibration.o(i.VL53L0X_perform_ref_calibration)
    VL53L0X_perform_ref_spad_management      0x080063bb   Thumb Code   594  vl53l0x_api_calibration.o(i.VL53L0X_perform_ref_spad_management)
    VL53L0X_perform_single_ref_calibration   0x0800660d   Thumb Code    54  vl53l0x_api_calibration.o(i.VL53L0X_perform_single_ref_calibration)
    VL53L0X_perform_vhv_calibration          0x08006643   Thumb Code   120  vl53l0x_api_calibration.o(i.VL53L0X_perform_vhv_calibration)
    VL53L0X_read_byte                        0x080066bb   Thumb Code     6  vl53l0x_i2c.o(i.VL53L0X_read_byte)
    VL53L0X_read_dword                       0x080066c1   Thumb Code    44  vl53l0x_i2c.o(i.VL53L0X_read_dword)
    VL53L0X_read_multi                       0x080066ed   Thumb Code    22  vl53l0x_i2c.o(i.VL53L0X_read_multi)
    VL53L0X_read_word                        0x08006703   Thumb Code    28  vl53l0x_i2c.o(i.VL53L0X_read_word)
    VL53L0X_ref_calibration_io               0x0800671f   Thumb Code   180  vl53l0x_api_calibration.o(i.VL53L0X_ref_calibration_io)
    VL53L0X_set_measurement_timing_budget_micro_seconds 0x080067d3   Thumb Code   222  vl53l0x_api_core.o(i.VL53L0X_set_measurement_timing_budget_micro_seconds)
    VL53L0X_set_offset_calibration_data_micro_meter 0x080068b1   Thumb Code    46  vl53l0x_api_calibration.o(i.VL53L0X_set_offset_calibration_data_micro_meter)
    VL53L0X_set_ref_calibration              0x080068e9   Thumb Code    32  vl53l0x_api_calibration.o(i.VL53L0X_set_ref_calibration)
    VL53L0X_set_reference_spads              0x08006909   Thumb Code   170  vl53l0x_api_calibration.o(i.VL53L0X_set_reference_spads)
    VL53L0X_set_vcsel_pulse_period           0x080069b3   Thumb Code   730  vl53l0x_api_core.o(i.VL53L0X_set_vcsel_pulse_period)
    VL53L0X_write_byte                       0x08006c8d   Thumb Code    12  vl53l0x_i2c.o(i.VL53L0X_write_byte)
    VL53L0X_write_multi                      0x08006c99   Thumb Code    22  vl53l0x_i2c.o(i.VL53L0X_write_multi)
    VL53L0X_write_word                       0x08006caf   Thumb Code    60  vl53l0x_i2c.o(i.VL53L0X_write_word)
    VL_IIC_Ack                               0x08006ced   Thumb Code    48  vl53l0x_i2c.o(i.VL_IIC_Ack)
    VL_IIC_NAck                              0x08006d25   Thumb Code    48  vl53l0x_i2c.o(i.VL_IIC_NAck)
    VL_IIC_Read_Byte                         0x08006d5d   Thumb Code   100  vl53l0x_i2c.o(i.VL_IIC_Read_Byte)
    VL_IIC_Read_nByte                        0x08006dc9   Thumb Code   106  vl53l0x_i2c.o(i.VL_IIC_Read_nByte)
    VL_IIC_Send_Byte                         0x08006e35   Thumb Code    94  vl53l0x_i2c.o(i.VL_IIC_Send_Byte)
    VL_IIC_Start                             0x08006e9d   Thumb Code    48  vl53l0x_i2c.o(i.VL_IIC_Start)
    VL_IIC_Stop                              0x08006ed5   Thumb Code    50  vl53l0x_i2c.o(i.VL_IIC_Stop)
    VL_IIC_Wait_Ack                          0x08006f11   Thumb Code    78  vl53l0x_i2c.o(i.VL_IIC_Wait_Ack)
    VL_IIC_Write_nByte                       0x08006f69   Thumb Code    76  vl53l0x_i2c.o(i.VL_IIC_Write_nByte)
    __0vsprintf                              0x08006fb5   Thumb Code    30  printfa.o(i.__0vsprintf)
    __1vsprintf                              0x08006fb5   Thumb Code     0  printfa.o(i.__0vsprintf)
    __2vsprintf                              0x08006fb5   Thumb Code     0  printfa.o(i.__0vsprintf)
    __c89vsprintf                            0x08006fb5   Thumb Code     0  printfa.o(i.__0vsprintf)
    vsprintf                                 0x08006fb5   Thumb Code     0  printfa.o(i.__0vsprintf)
    __scatterload_copy                       0x08006fd9   Thumb Code    14  handlers.o(i.__scatterload_copy)
    __scatterload_null                       0x08006fe7   Thumb Code     2  handlers.o(i.__scatterload_null)
    __scatterload_zeroinit                   0x08006fe9   Thumb Code    14  handlers.o(i.__scatterload_zeroinit)
    creat_HC08_TASK                          0x080078b5   Thumb Code    36  main.o(i.creat_HC08_TASK)
    creat_OLED_DISPLAY_TASK                  0x080078ed   Thumb Code    36  main.o(i.creat_OLED_DISPLAY_TASK)
    creat_VL53L0X_TASK                       0x0800792d   Thumb Code    36  main.o(i.creat_VL53L0X_TASK)
    delay_ms                                 0x08007969   Thumb Code    26  delay.o(i.delay_ms)
    delay_us                                 0x08007985   Thumb Code    50  delay.o(i.delay_us)
    enable_ref_spads                         0x080079bd   Thumb Code   148  vl53l0x_api_calibration.o(i.enable_ref_spads)
    enable_spad_bit                          0x08007a51   Thumb Code    42  vl53l0x_api_calibration.o(i.enable_spad_bit)
    get_next_good_spad                       0x08007a7b   Thumb Code    82  vl53l0x_api_calibration.o(i.get_next_good_spad)
    get_ref_spad_map                         0x08007acd   Thumb Code    10  vl53l0x_api_calibration.o(i.get_ref_spad_map)
    get_sequence_step_timeout                0x08007ad7   Thumb Code   282  vl53l0x_api_core.o(i.get_sequence_step_timeout)
    is_aperture                              0x08007bf1   Thumb Code    20  vl53l0x_api_calibration.o(i.is_aperture)
    main                                     0x08007c09   Thumb Code   178  main.o(i.main)
    mode_string                              0x08007e89   Thumb Code    42  vl53l0x_gen.o(i.mode_string)
    osAlarmHeapInfo                          0x08007eed   Thumb Code    26  los_heap.o(i.osAlarmHeapInfo)
    osAtomicBitsetClearBit                   0x08007f07   Thumb Code    30  los_slab.o(i.osAtomicBitsetClearBit)
    osAtomicBitsetFindClearAndSet            0x08007f25   Thumb Code    66  los_slab.o(i.osAtomicBitsetFindClearAndSet)
    osAtomicBitsetGetBit                     0x08007f67   Thumb Code    34  los_slab.o(i.osAtomicBitsetGetBit)
    osAtomicBitsetInit                       0x08007f89   Thumb Code    44  los_slab.o(i.osAtomicBitsetInit)
    osHeapAlloc                              0x08007fb5   Thumb Code   228  los_heap.o(i.osHeapAlloc)
    osHeapAllocAlign                         0x080080cd   Thumb Code    62  los_heap.o(i.osHeapAllocAlign)
    osHeapFree                               0x0800810d   Thumb Code   234  los_heap.o(i.osHeapFree)
    osHeapInit                               0x08008219   Thumb Code    62  los_heap.o(i.osHeapInit)
    osHeapPrvGetNext                         0x08008257   Thumb Code    22  los_heap.o(i.osHeapPrvGetNext)
    osHeapStatisticsGet                      0x0800826d   Thumb Code    76  los_heap.o(i.osHeapStatisticsGet)
    osIdleTask                               0x080082bd   Thumb Code     2  los_task.o(i.osIdleTask)
    osIdleTaskCreate                         0x080082c1   Thumb Code    48  los_task.o(i.osIdleTaskCreate)
    osIntNumGet                              0x08008305   Thumb Code     6  los_hwi.o(i.osIntNumGet)
    osMemSystemInit                          0x0800830d   Thumb Code    10  los_memory.o(i.osMemSystemInit)
    osMuxInit                                0x08008321   Thumb Code    74  los_mux.o(i.osMuxInit)
    osPriqueueDequeue                        0x08008379   Thumb Code    58  los_priqueue.o(i.osPriqueueDequeue)
    osPriqueueEnqueue                        0x080083b9   Thumb Code    54  los_priqueue.o(i.osPriqueueEnqueue)
    osPriqueueInit                           0x080083f5   Thumb Code    42  los_priqueue.o(i.osPriqueueInit)
    osPriqueueSize                           0x08008429   Thumb Code    26  los_priqueue.o(i.osPriqueueSize)
    osPriqueueTop                            0x08008449   Thumb Code    26  los_priqueue.o(i.osPriqueueTop)
    osQueueInit                              0x08008541   Thumb Code    78  los_queue.o(i.osQueueInit)
    osQueueOperate                           0x0800859d   Thumb Code   334  los_queue.o(i.osQueueOperate)
    osSchedule                               0x08008771   Thumb Code     4  los_hw.o(i.osSchedule)
    osSemInit                                0x08008775   Thumb Code    72  los_sem.o(i.osSemInit)
    osSlabAllocatorAlloc                     0x080087c9   Thumb Code    28  los_slab.o(i.osSlabAllocatorAlloc)
    osSlabAllocatorFree                      0x080087e5   Thumb Code    58  los_slab.o(i.osSlabAllocatorFree)
    osSlabAllocatorNew                       0x0800881f   Thumb Code    72  los_slab.o(i.osSlabAllocatorNew)
    osSlabBlockHeadFill                      0x08008867   Thumb Code    16  los_slabmem.o(i.osSlabBlockHeadFill)
    osSlabCtrlHdrGet                         0x08008877   Thumb Code     4  los_memory.o(i.osSlabCtrlHdrGet)
    osSlabMemAlloc                           0x0800887b   Thumb Code   116  los_slabmem.o(i.osSlabMemAlloc)
    osSlabMemFree                            0x080088ef   Thumb Code    96  los_slabmem.o(i.osSlabMemFree)
    osSlabMemInit                            0x0800894f   Thumb Code    86  los_slabmem.o(i.osSlabMemInit)
    osSwTmrInit                              0x080089a5   Thumb Code   116  los_swtmr.o(i.osSwTmrInit)
    osSwTmrStart                             0x08008a29   Thumb Code   382  los_swtmr.o(i.osSwTmrStart)
    osSwTmrTask                              0x08008bb1   Thumb Code    56  los_swtmr.o(i.osSwTmrTask)
    osSwTmrTaskCreate                        0x08008bed   Thumb Code    44  los_swtmr.o(i.osSwTmrTaskCreate)
    osSwtmrScan                              0x08008cbd   Thumb Code    26  los_swtmr.o(i.osSwtmrScan)
    osSwtmrStop                              0x08008cdd   Thumb Code    76  los_swtmr.o(i.osSwtmrStop)
    osTaskAdd2TimerList                      0x08008d31   Thumb Code   136  los_task.o(i.osTaskAdd2TimerList)
    osTaskEntry                              0x08008dbd   Thumb Code    38  los_task.o(i.osTaskEntry)
    osTaskExit                               0x08008de9   Thumb Code     4  los_hw.o(i.osTaskExit)
    osTaskInit                               0x08008ded   Thumb Code   210  los_task.o(i.osTaskInit)
    osTaskMonInit                            0x08008ecd   Thumb Code    30  los_task.o(i.osTaskMonInit)
    osTaskPriModify                          0x08008ef9   Thumb Code    52  los_task.o(i.osTaskPriModify)
    osTaskScan                               0x08008f2d   Thumb Code   182  los_task.o(i.osTaskScan)
    osTaskSwitchCheck                        0x08008fe9   Thumb Code   170  los_task.o(i.osTaskSwitchCheck)
    osTaskWait                               0x08009125   Thumb Code    70  los_task.o(i.osTaskWait)
    osTaskWake                               0x08009171   Thumb Code    66  los_task.o(i.osTaskWake)
    osTickHandler                            0x080091b5   Thumb Code    34  los_tick.o(i.osTickHandler)
    osTickStart                              0x080091dd   Thumb Code    96  los_hw_tick.o(i.osTickStart)
    osTimerListDelete                        0x08009255   Thumb Code    48  los_task.o(i.osTimerListDelete)
    osTimesliceCheck                         0x08009289   Thumb Code    44  los_timeslice.o(i.osTimesliceCheck)
    osTimesliceInit                          0x080092c1   Thumb Code    12  los_timeslice.o(i.osTimesliceInit)
    osTskStackInit                           0x080092d1   Thumb Code   122  los_hw.o(i.osTskStackInit)
    perform_ref_signal_measurement           0x08009355   Thumb Code    94  vl53l0x_api_calibration.o(i.perform_ref_signal_measurement)
    print_pal_error                          0x080093b5   Thumb Code    28  vl53l0x.o(i.print_pal_error)
    sequence_step_enabled                    0x080093e9   Thumb Code    66  vl53l0x_api.o(i.sequence_step_enabled)
    set_ref_spad_map                         0x0800942b   Thumb Code    10  vl53l0x_api_calibration.o(i.set_ref_spad_map)
    set_sequence_step_timeout                0x08009435   Thumb Code   278  vl53l0x_api_core.o(i.set_sequence_step_timeout)
    u2_printf                                0x0800954d   Thumb Code    60  usart3.o(i.u2_printf)
    vl53l0x_Addr_set                         0x08009591   Thumb Code   126  vl53l0x.o(i.vl53l0x_Addr_set)
    vl53l0x_general_start                    0x0800961d   Thumb Code   102  vl53l0x_gen.o(i.vl53l0x_general_start)
    vl53l0x_general_test                     0x080096ad   Thumb Code    98  vl53l0x_gen.o(i.vl53l0x_general_test)
    vl53l0x_init                             0x0800976d   Thumb Code   172  vl53l0x.o(i.vl53l0x_init)
    vl53l0x_reset                            0x0800982d   Thumb Code    54  vl53l0x.o(i.vl53l0x_reset)
    vl53l0x_set_mode                         0x08009869   Thumb Code   340  vl53l0x_gen.o(i.vl53l0x_set_mode)
    vl53l0x_start_single_test                0x080099c9   Thumb Code    52  vl53l0x_gen.o(i.vl53l0x_start_single_test)
    vl53l0x_test                             0x08009a01   Thumb Code    80  vl53l0x.o(i.vl53l0x_test)
    AHBPrescTable                            0x08009ae0   Data          16  system_stm32f1xx.o(.constdata)
    APBPrescTable                            0x08009af0   Data           8  system_stm32f1xx.o(.constdata)
    Aciss_8X16                               0x08009af8   Data        1520  font.o(.constdata)
    Region$$Table$$Base                      0x0800a0e8   Number         0  anon$$obj.o(Region$$Table)
    Region$$Table$$Limit                     0x0800a108   Number         0  anon$$obj.o(Region$$Table)
    STATUSKEY0                               0x20000000   Data           4  main.o(.data)
    STATUSKEY1                               0x20000004   Data           4  main.o(.data)
    g_TskHandle                              0x20000008   Data           4  main.o(.data)
    g_TimerID1                               0x2000000c   Data           2  binky_demo.o(.data)
    g_TimerID2                               0x2000000e   Data           2  binky_demo.o(.data)
    g_TimerID3                               0x20000010   Data           2  binky_demo.o(.data)
    g_TimerID4                               0x20000012   Data           2  binky_demo.o(.data)
    g_QueueID                                0x20000014   Data           4  binky_demo.o(.data)
    g_RecvTaskID                             0x20000018   Data           4  binky_demo.o(.data)
    uwTickFreq                               0x2000001c   Data           1  stm32f1xx_hal.o(.data)
    uwTickPrio                               0x20000020   Data           4  stm32f1xx_hal.o(.data)
    uwTick                                   0x20000024   Data           4  stm32f1xx_hal.o(.data)
    SystemCoreClock                          0x20000028   Data           4  system_stm32f1xx.o(.data)
    m_aucSysMem0                             0x2000002c   Data           4  los_init.o(.data)
    g_pstLosPriorityQueueList                0x20000034   Data           4  los_priqueue.o(.data)
    m_uwSwTmrHandlerQueue                    0x20000044   Data           4  los_swtmr.o(.data)
    m_pstSwtmrCBArray                        0x20000048   Data           4  los_swtmr.o(.data)
    m_pstSwtmrFreeList                       0x2000004c   Data           4  los_swtmr.o(.data)
    m_pstSwtmrSortList                       0x20000050   Data           4  los_swtmr.o(.data)
    g_usLosTaskLock                          0x20000054   Data           2  los_task.o(.data)
    g_pfnTskSwitchHook                       0x20000058   Data           4  los_task.o(.data)
    g_pfnUsrTskSwitchHook                    0x2000005c   Data           4  los_task.o(.data)
    g_pstTaskCBArray                         0x20000060   Data           4  los_task.o(.data)
    g_uwTskMaxNum                            0x20000064   Data           4  los_task.o(.data)
    g_uwIdleTaskID                           0x20000068   Data           4  los_task.o(.data)
    g_uwSwtmrTaskID                          0x2000006c   Data           4  los_task.o(.data)
    g_bTaskScheduled                         0x20000070   Data           4  los_task.o(.data)
    g_stLosTask                              0x20000074   Data           8  los_task.o(.data)
    g_stTaskTimerList                        0x2000007c   Data           8  los_task.o(.data)
    g_stLosFreeTask                          0x20000084   Data           8  los_task.o(.data)
    g_stTskRecyleList                        0x2000008c   Data           8  los_task.o(.data)
    g_stTskSortLink                          0x20000094   Data           8  los_task.o(.data)
    g_bSysTickStart                          0x2000009c   Data           4  los_tick.o(.data)
    g_uwSysClock                             0x200000a0   Data           4  los_tick.o(.data)
    g_ullTickCount                           0x200000a8   Data           8  los_tick.o(.data)
    g_uwCyclesPerTick                        0x200000b0   Data           4  los_tick.o(.data)
    g_stTaskTimeSlice                        0x200000b4   Data           8  los_timeslice.o(.data)
    g_pstAllMux                              0x200000bc   Data           4  los_mux.o(.data)
    g_stUnusedMuxList                        0x200000c0   Data           8  los_mux.o(.data)
    g_pstAllQueue                            0x200000c8   Data           4  los_queue.o(.data)
    g_stFreeQueueList                        0x200000cc   Data           8  los_queue.o(.data)
    g_pstAllSem                              0x200000d4   Data           4  los_sem.o(.data)
    g_stUnusedSemList                        0x200000d8   Data           8  los_sem.o(.data)
    g_stUserErrFunc                          0x200000e0   Data           4  los_err.o(.data)
    g_pPoolHead                              0x200000f4   Data           4  los_memory.o(.data)
    bCom1                                    0x200000fd   Data           1  uart_msp.o(.data)
    b_DebugInit                              0x20000100   Data           1  debug.o(.data)
    g_Testmux01                              0x20000104   Data           4  debug.o(.data)
    AjustOK                                  0x20000108   Data           1  vl53l0x.o(.data)
    Mode_data                                0x20000109   Data          56  vl53l0x.o(.data)
    DefaultTuningSettings                    0x20000141   Data         243  vl53l0x_api.o(.data)
    InterruptThresholdSettings               0x20000234   Data         438  vl53l0x_api.o(.data)
    refArrayQuadrants                        0x200003ec   Data          16  vl53l0x_api_calibration.o(.data)
    Distance_data                            0x200003fc   Data           2  vl53l0x_gen.o(.data)
    USART3_RX_STA                            0x20000400   Data           2  usart3.o(.data)
    m_uwSwTmrAlignID                         0x20000404   Data          64  los_swtmr.o(.bss)
    g_astTskSwitchInfo                       0x20000444   Data         342  los_task.o(.bss)
    UART1_Handler                            0x200009ac   Data          64  uart_msp.o(.bss)
    ADC1_Handler                             0x20000bf0   Data          48  adc.o(.bss)
    vl53l0x_dev                              0x20000c20   Data         352  vl53l0x.o(.bss)
    vl53l0x_dev_info                         0x20000d80   Data          99  vl53l0x.o(.bss)
    Vl53l0x_data                             0x20000de3   Data          24  vl53l0x.o(.bss)
    vl53l0x_data                             0x20000e1c   Data          28  vl53l0x_gen.o(.bss)
    TIM2_Handler                             0x20000e38   Data          64  timer.o(.bss)
    UART3_Handler                            0x20000e78   Data          64  usart3.o(.bss)
    USART3_TX_BUF                            0x20000eb8   Data         400  usart3.o(.bss)
    USART3_RX_BUF                            0x20001048   Data         400  usart3.o(.bss)
    Image$$RW_IRAM1$$ZI$$Limit               0x200015d8   Number         0  anon$$obj.o ABSOLUTE
    __initial_sp                             0x200015d8   Data           0  startup_stm32f103xb.o(STACK)



==============================================================================

Memory Map of the image

  Image Entry point : 0x080000ed

  Load Region LR_IROM1 (Base: 0x08000000, Size: 0x0000a50c, Max: 0x00020000, ABSOLUTE, COMPRESSED[0x0000a3cc])

    Execution Region ER_IROM1 (Base: 0x08000000, Size: 0x0000a108, Max: 0x00020000, ABSOLUTE)

    Base Addr    Size         Type   Attr      Idx    E Section Name        Object

    0x08000000   0x000000ec   Data   RO            3    RESET               startup_stm32f103xb.o
    0x080000ec   0x00000000   Code   RO         7589  * .ARM.Collect$$$$00000000  mc_w.l(entry.o)
    0x080000ec   0x00000004   Code   RO         7652    .ARM.Collect$$$$00000001  mc_w.l(entry2.o)
    0x080000f0   0x00000004   Code   RO         7655    .ARM.Collect$$$$00000004  mc_w.l(entry5.o)
    0x080000f4   0x00000000   Code   RO         7657    .ARM.Collect$$$$00000008  mc_w.l(entry7b.o)
    0x080000f4   0x00000000   Code   RO         7659    .ARM.Collect$$$$0000000A  mc_w.l(entry8b.o)
    0x080000f4   0x00000008   Code   RO         7660    .ARM.Collect$$$$0000000B  mc_w.l(entry9a.o)
    0x080000fc   0x00000000   Code   RO         7662    .ARM.Collect$$$$0000000D  mc_w.l(entry10a.o)
    0x080000fc   0x00000000   Code   RO         7664    .ARM.Collect$$$$0000000F  mc_w.l(entry11a.o)
    0x080000fc   0x00000004   Code   RO         7653    .ARM.Collect$$$$00002712  mc_w.l(entry2.o)
    0x08000100   0x00000024   Code   RO            4    .text               startup_stm32f103xb.o
    0x08000124   0x000000cc   Code   RO         3442    .text               los_dispatch_keil.o
    0x080001f0   0x00000062   Code   RO         7592    .text               mc_w.l(uldiv.o)
    0x08000252   0x00000020   Code   RO         7594    .text               mc_w.l(llushr.o)
    0x08000272   0x00000024   Code   RO         7596    .text               mc_w.l(memcpya.o)
    0x08000296   0x00000024   Code   RO         7598    .text               mc_w.l(memseta.o)
    0x080002ba   0x0000000e   Code   RO         7602    .text               mc_w.l(strlen.o)
    0x080002c8   0x0000001c   Code   RO         7604    .text               mc_w.l(strcmp.o)
    0x080002e4   0x00000012   Code   RO         7606    .text               mc_w.l(strcpy.o)
    0x080002f6   0x000000e4   Code   RO         7638    .text               mf_w.l(dmul.o)
    0x080003da   0x000000de   Code   RO         7640    .text               mf_w.l(ddiv.o)
    0x080004b8   0x0000001a   Code   RO         7642    .text               mf_w.l(dfltui.o)
    0x080004d2   0x00000028   Code   RO         7646    .text               mf_w.l(ffixui.o)
    0x080004fa   0x00000030   Code   RO         7648    .text               mf_w.l(dfixul.o)
    0x0800052a   0x00000038   Code   RO         7650    .text               mf_w.l(d2f.o)
    0x08000562   0x0000002c   Code   RO         7669    .text               mc_w.l(uidiv.o)
    0x0800058e   0x0000001e   Code   RO         7671    .text               mc_w.l(llshl.o)
    0x080005ac   0x00000000   Code   RO         7673    .text               mc_w.l(iusefp.o)
    0x080005ac   0x0000006e   Code   RO         7674    .text               mf_w.l(fepilogue.o)
    0x0800061a   0x000000ba   Code   RO         7676    .text               mf_w.l(depilogue.o)
    0x080006d4   0x0000014e   Code   RO         7678    .text               mf_w.l(dadd.o)
    0x08000822   0x00000002   PAD
    0x08000824   0x00000030   Code   RO         7680    .text               mf_w.l(cdrcmple.o)
    0x08000854   0x00000024   Code   RO         7682    .text               mc_w.l(init.o)
    0x08000878   0x00000024   Code   RO         7685    .text               mc_w.l(llsshr.o)
    0x0800089c   0x00000056   Code   RO         7696    .text               mc_w.l(__dczerorl2.o)
    0x080008f2   0x0000004a   Code   RO         2680    i.ADC_ConversionStop_Disable  stm32f1xx_hal_adc.o
    0x0800093c   0x00000074   Code   RO         2684    i.ADC_Enable        stm32f1xx_hal_adc.o
    0x080009b0   0x00000004   Code   RO         5644    i.AT24CXX_Init      24cxx.o
    0x080009b4   0x00000022   Code   RO         5645    i.AT24CXX_Read      24cxx.o
    0x080009d6   0x00000042   Code   RO         5647    i.AT24CXX_ReadOneByte  24cxx.o
    0x08000a18   0x00000040   Code   RO         5709    i.Adc_Init          adc.o
    0x08000a58   0x00000148   Code   RO          467    i.Blinky_Demo       binky_demo.o
    0x08000ba0   0x00000002   Code   RO          352    i.BusFault_Handler  stm32f1xx_it.o
    0x08000ba2   0x00000002   Code   RO          353    i.DebugMon_Handler  stm32f1xx_it.o
    0x08000ba4   0x00000068   Code   RO         5605    i.Debug_Printf      debug.o
    0x08000c0c   0x00000006   Code   RO          354    i.EXTI0_IRQHandler  stm32f1xx_it.o
    0x08000c12   0x00000016   Code   RO          355    i.EXTI9_5_IRQHandler  stm32f1xx_it.o
    0x08000c28   0x00000002   Code   RO           13    i.Error_Handler     main.o
    0x08000c2a   0x00000002   PAD
    0x08000c2c   0x00000030   Code   RO         5710    i.Get_Adc           adc.o
    0x08000c5c   0x00000028   Code   RO         5711    i.Get_Adc_Average   adc.o
    0x08000c84   0x000000e4   Code   RO         2860    i.HAL_ADCEx_Calibration_Start  stm32f1xx_hal_adc_ex.o
    0x08000d68   0x00000108   Code   RO         2686    i.HAL_ADC_ConfigChannel  stm32f1xx_hal_adc.o
    0x08000e70   0x00000006   Code   RO         2693    i.HAL_ADC_GetValue  stm32f1xx_hal_adc.o
    0x08000e76   0x00000002   PAD
    0x08000e78   0x00000118   Code   RO         2695    i.HAL_ADC_Init      stm32f1xx_hal_adc.o
    0x08000f90   0x00000048   Code   RO         5712    i.HAL_ADC_MspInit   adc.o
    0x08000fd8   0x0000013c   Code   RO         2699    i.HAL_ADC_PollForConversion  stm32f1xx_hal_adc.o
    0x08001114   0x000000d0   Code   RO         2701    i.HAL_ADC_Start     stm32f1xx_hal_adc.o
    0x080011e4   0x00000002   Code   RO         1735    i.HAL_GPIO_EXTI_Callback  stm32f1xx_hal_gpio.o
    0x080011e6   0x00000002   PAD
    0x080011e8   0x00000018   Code   RO         1736    i.HAL_GPIO_EXTI_IRQHandler  stm32f1xx_hal_gpio.o
    0x08001200   0x000001ec   Code   RO         1737    i.HAL_GPIO_Init     stm32f1xx_hal_gpio.o
    0x080013ec   0x0000000e   Code   RO         1739    i.HAL_GPIO_ReadPin  stm32f1xx_hal_gpio.o
    0x080013fa   0x00000008   Code   RO         1740    i.HAL_GPIO_TogglePin  stm32f1xx_hal_gpio.o
    0x08001402   0x0000000e   Code   RO         1741    i.HAL_GPIO_WritePin  stm32f1xx_hal_gpio.o
    0x08001410   0x0000000c   Code   RO         1440    i.HAL_GetTick       stm32f1xx_hal.o
    0x0800141c   0x00000024   Code   RO         1445    i.HAL_Init          stm32f1xx_hal.o
    0x08001440   0x00000044   Code   RO         1446    i.HAL_InitTick      stm32f1xx_hal.o
    0x08001484   0x0000003c   Code   RO          443    i.HAL_MspInit       stm32f1xx_hal_msp.o
    0x080014c0   0x00000016   Code   RO         1897    i.HAL_NVIC_EnableIRQ  stm32f1xx_hal_cortex.o
    0x080014d6   0x00000002   PAD
    0x080014d8   0x00000040   Code   RO         1903    i.HAL_NVIC_SetPriority  stm32f1xx_hal_cortex.o
    0x08001518   0x00000024   Code   RO         1904    i.HAL_NVIC_SetPriorityGrouping  stm32f1xx_hal_cortex.o
    0x0800153c   0x000000d0   Code   RO         1699    i.HAL_RCCEx_GetPeriphCLKFreq  stm32f1xx_hal_rcc_ex.o
    0x0800160c   0x0000010c   Code   RO         1700    i.HAL_RCCEx_PeriphCLKConfig  stm32f1xx_hal_rcc_ex.o
    0x08001718   0x0000017c   Code   RO         1592    i.HAL_RCC_ClockConfig  stm32f1xx_hal_rcc.o
    0x08001894   0x0000000c   Code   RO         1597    i.HAL_RCC_GetHCLKFreq  stm32f1xx_hal_rcc.o
    0x080018a0   0x00000020   Code   RO         1599    i.HAL_RCC_GetPCLK1Freq  stm32f1xx_hal_rcc.o
    0x080018c0   0x00000020   Code   RO         1600    i.HAL_RCC_GetPCLK2Freq  stm32f1xx_hal_rcc.o
    0x080018e0   0x00000074   Code   RO         1601    i.HAL_RCC_GetSysClockFreq  stm32f1xx_hal_rcc.o
    0x08001954   0x00000358   Code   RO         1604    i.HAL_RCC_OscConfig  stm32f1xx_hal_rcc.o
    0x08001cac   0x00000028   Code   RO         1908    i.HAL_SYSTICK_Config  stm32f1xx_hal_cortex.o
    0x08001cd4   0x00000038   Code   RO          557    i.HAL_TIM_Base_Init  stm32f1xx_hal_tim.o
    0x08001d0c   0x00000028   Code   RO         5839    i.HAL_TIM_Base_MspInit  tim.o
    0x08001d34   0x00000018   Code   RO          562    i.HAL_TIM_Base_Start_IT  stm32f1xx_hal_tim.o
    0x08001d4c   0x00000064   Code   RO         2374    i.HAL_UART_Init     stm32f1xx_hal_uart.o
    0x08001db0   0x00000080   Code   RO         5532    i.HAL_UART_MspInit  uart_msp.o
    0x08001e30   0x000000d2   Code   RO         2377    i.HAL_UART_Receive  stm32f1xx_hal_uart.o
    0x08001f02   0x000000cc   Code   RO         2382    i.HAL_UART_Transmit  stm32f1xx_hal_uart.o
    0x08001fce   0x00000002   PAD
    0x08001fd0   0x00000090   Code   RO         7434    i.HC05_Get_Role     hc05.o
    0x08002060   0x0000010c   Code   RO         7435    i.HC05_Init         hc05.o
    0x0800216c   0x00000040   Code   RO         7436    i.HC05_Role_Show    hc05.o
    0x080021ac   0x00000084   Code   RO         7437    i.HC05_Set_Cmd      hc05.o
    0x08002230   0x00000058   Code   RO         7438    i.HC05_Sta_Show     hc05.o
    0x08002288   0x000001ec   Code   RO           14    i.HC08_TASK         main.o
    0x08002474   0x00000002   Code   RO          356    i.HardFault_Handler  stm32f1xx_it.o
    0x08002476   0x00000002   PAD
    0x08002478   0x00000024   Code   RO         5754    i.IIC_Ack           iic_msp.o
    0x0800249c   0x00000044   Code   RO         5755    i.IIC_Init          iic_msp.o
    0x080024e0   0x00000024   Code   RO         5756    i.IIC_NAck          iic_msp.o
    0x08002504   0x00000058   Code   RO         5757    i.IIC_Read_Byte     iic_msp.o
    0x0800255c   0x0000001c   Code   RO         5758    i.IIC_SDA_IN        iic_msp.o
    0x08002578   0x0000001c   Code   RO         5759    i.IIC_SDA_OUT       iic_msp.o
    0x08002594   0x00000044   Code   RO         5760    i.IIC_Send_Byte     iic_msp.o
    0x080025d8   0x00000028   Code   RO         5761    i.IIC_Start         iic_msp.o
    0x08002600   0x00000028   Code   RO         5762    i.IIC_Stop          iic_msp.o
    0x08002628   0x00000044   Code   RO         5763    i.IIC_Wait_Ack      iic_msp.o
    0x0800266c   0x0000000a   Code   RO         5764    i.IIC_delay         iic_msp.o
    0x08002676   0x00000002   PAD
    0x08002678   0x00000080   Code   RO         5389    i.KEY_Init          key.o
    0x080026f8   0x000000dc   Code   RO         5390    i.KEY_Scan          key.o
    0x080027d4   0x00000014   Code   RO         4944    i.LOS_Align         los_misc.o
    0x080027e8   0x0000002c   Code   RO         4974    i.LOS_ErrHandle     los_err.o
    0x08002814   0x000000f8   Code   RO         3628    i.LOS_KernelInit    los_init.o
    0x0800290c   0x0000000e   Code   RO         4001    i.LOS_ListAdd       los_task.o
    0x0800291a   0x0000000e   Code   RO         4460    i.LOS_ListAdd       los_mux.o
    0x08002928   0x0000000e   Code   RO         4530    i.LOS_ListAdd       los_queue.o
    0x08002936   0x0000000e   Code   RO         4666    i.LOS_ListAdd       los_sem.o
    0x08002944   0x00000014   Code   RO         4002    i.LOS_ListDelete    los_task.o
    0x08002958   0x0000000e   Code   RO         3682    i.LOS_ListEmpty     los_priqueue.o
    0x08002966   0x0000000e   Code   RO         4003    i.LOS_ListEmpty     los_task.o
    0x08002974   0x0000000e   Code   RO         4461    i.LOS_ListEmpty     los_mux.o
    0x08002982   0x0000000e   Code   RO         4531    i.LOS_ListEmpty     los_queue.o
    0x08002990   0x00000006   Code   RO         4004    i.LOS_ListTailInsert  los_task.o
    0x08002996   0x0000002a   Code   RO         5112    i.LOS_MemAlloc      los_memory.o
    0x080029c0   0x00000004   Code   RO         5113    i.LOS_MemAllocAlign  los_memory.o
    0x080029c4   0x00000030   Code   RO         5115    i.LOS_MemFree       los_memory.o
    0x080029f4   0x000000f8   Code   RO         5117    i.LOS_MemInit       los_memory.o
    0x08002aec   0x0000008c   Code   RO         4462    i.LOS_MuxCreate     los_mux.o
    0x08002b78   0x00000170   Code   RO         4464    i.LOS_MuxPend       los_mux.o
    0x08002ce8   0x000000e4   Code   RO         4465    i.LOS_MuxPost       los_mux.o
    0x08002dcc   0x000000c4   Code   RO         4532    i.LOS_QueueCreate   los_queue.o
    0x08002e90   0x0000002a   Code   RO         4536    i.LOS_QueueReadCopy  los_queue.o
    0x08002eba   0x0000002c   Code   RO         4538    i.LOS_QueueWriteCopy  los_queue.o
    0x08002ee6   0x00000002   PAD
    0x08002ee8   0x00000040   Code   RO         3448    i.LOS_Schedule      los_hw.o
    0x08002f28   0x00000040   Code   RO         3630    i.LOS_Start         los_init.o
    0x08002f68   0x000000a8   Code   RO         3780    i.LOS_SwtmrCreate   los_swtmr.o
    0x08003010   0x000000c8   Code   RO         3782    i.LOS_SwtmrStart    los_swtmr.o
    0x080030d8   0x00000074   Code   RO         4007    i.LOS_TaskCreate    los_task.o
    0x0800314c   0x0000016c   Code   RO         4008    i.LOS_TaskCreateOnly  los_task.o
    0x080032b8   0x0000006c   Code   RO         4009    i.LOS_TaskDelay     los_task.o
    0x08003324   0x00000154   Code   RO         4010    i.LOS_TaskDelete    los_task.o
    0x08003478   0x00000070   Code   RO         4023    i.LOS_TaskYield     los_task.o
    0x080034e8   0x0000000c   Code   RO         3941    i.LOS_TickCountGet  los_sys.o
    0x080034f4   0x00000124   Code   RO           15    i.MX_GPIO_Init      main.o
    0x08003618   0x00000002   Code   RO          357    i.MemManage_Handler  stm32f1xx_it.o
    0x0800361a   0x00000002   Code   RO          358    i.NMI_Handler       stm32f1xx_it.o
    0x0800361c   0x00000020   Code   RO         1910    i.NVIC_SetPriority  stm32f1xx_hal_cortex.o
    0x0800363c   0x00000036   Code   RO         7277    i.OLED_Clear        oled.o
    0x08003672   0x00000002   PAD
    0x08003674   0x00000060   Code   RO           16    i.OLED_DISPLAY_TASK  main.o
    0x080036d4   0x00000044   Code   RO         7373    i.OLED_IIC_Pin_Init  oled_iic.o
    0x08003718   0x0000002c   Code   RO         7375    i.OLED_IIC_Reception_Ack  oled_iic.o
    0x08003744   0x00000050   Code   RO         7377    i.OLED_IIC_Send_Data  oled_iic.o
    0x08003794   0x00000038   Code   RO         7378    i.OLED_IIC_Start    oled_iic.o
    0x080037cc   0x0000003c   Code   RO         7379    i.OLED_IIC_Stop     oled_iic.o
    0x08003808   0x00000022   Code   RO         7278    i.OLED_Send_Command  oled.o
    0x0800382a   0x00000022   Code   RO         7279    i.Oled_Address      oled.o
    0x0800384c   0x00000054   Code   RO         7280    i.Oled_Display_Char  oled.o
    0x080038a0   0x00000020   Code   RO         7282    i.Oled_Display_String  oled.o
    0x080038c0   0x000000be   Code   RO         7283    i.Oled_Init         oled.o
    0x0800397e   0x00000022   Code   RO         7284    i.Oled_Write_Data   oled.o
    0x080039a0   0x0000000c   Code   RO         5448    i.QUEUE_PacketCreate  queue.o
    0x080039ac   0x00000030   Code   RO         5450    i.QUEUE_PacketIn    queue.o
    0x080039dc   0x00000024   Code   RO         1605    i.RCC_Delay         stm32f1xx_hal_rcc.o
    0x08003a00   0x00000002   Code   RO          360    i.SVC_Handler       stm32f1xx_it.o
    0x08003a02   0x00000002   PAD
    0x08003a04   0x00000024   Code   RO         3595    i.SysTick_Handler   los_hwi.o
    0x08003a28   0x00000058   Code   RO           17    i.SystemClock_Config  main.o
    0x08003a80   0x00000048   Code   RO         3408    i.SystemInit        system_stm32f1xx.o
    0x08003ac8   0x00000040   Code   RO         7505    i.TIM2_IRQHandler   timer.o
    0x08003b08   0x00000054   Code   RO         7506    i.TIM2_Init         timer.o
    0x08003b5c   0x0000006c   Code   RO          641    i.TIM_Base_SetConfig  stm32f1xx_hal_tim.o
    0x08003bc8   0x00000208   Code   RO          468    i.Task_RecvQ        binky_demo.o
    0x08003dd0   0x0000004c   Code   RO          469    i.Timer_Callback    binky_demo.o
    0x08003e1c   0x00000060   Code   RO          470    i.Timers_Init       binky_demo.o
    0x08003e7c   0x0000019c   Code   RO         2401    i.UART_SetConfig    stm32f1xx_hal_uart.o
    0x08004018   0x00000064   Code   RO         2403    i.UART_WaitOnFlagUntilTimeout  stm32f1xx_hal_uart.o
    0x0800407c   0x00000048   Code   RO         5534    i.USART1_IRQHandler  uart_msp.o
    0x080040c4   0x0000006c   Code   RO         7545    i.USART3_IRQHandler  usart3.o
    0x08004130   0x000000d0   Code   RO         7546    i.USART3_Init       usart3.o
    0x08004200   0x00000058   Code   RO         5535    i.Uart_Init         uart_msp.o
    0x08004258   0x00000034   Code   RO         5536    i.Uart_Write        uart_msp.o
    0x0800428c   0x00000002   Code   RO          362    i.UsageFault_Handler  stm32f1xx_it.o
    0x0800428e   0x00000002   PAD
    0x08004290   0x00000080   Code   RO         5964    i.VL53L0X_CheckAndLoadInterruptSettings  vl53l0x_api.o
    0x08004310   0x0000004a   Code   RO         5965    i.VL53L0X_ClearInterruptMask  vl53l0x_api.o
    0x0800435a   0x00000002   PAD
    0x0800435c   0x00000194   Code   RO         5966    i.VL53L0X_DataInit  vl53l0x_api.o
    0x080044f0   0x00000004   Code   RO         5970    i.VL53L0X_GetDeviceInfo  vl53l0x_api.o
    0x080044f4   0x0000000a   Code   RO         5971    i.VL53L0X_GetDeviceMode  vl53l0x_api.o
    0x080044fe   0x00000082   Code   RO         5972    i.VL53L0X_GetDeviceParameters  vl53l0x_api.o
    0x08004580   0x0000001a   Code   RO         5974    i.VL53L0X_GetFractionEnable  vl53l0x_api.o
    0x0800459a   0x00000034   Code   RO         5978    i.VL53L0X_GetInterMeasurementPeriodMilliSeconds  vl53l0x_api.o
    0x080045ce   0x00000022   Code   RO         5979    i.VL53L0X_GetInterruptMaskStatus  vl53l0x_api.o
    0x080045f0   0x00000036   Code   RO         5980    i.VL53L0X_GetInterruptThresholds  vl53l0x_api.o
    0x08004626   0x0000001a   Code   RO         5982    i.VL53L0X_GetLimitCheckEnable  vl53l0x_api.o
    0x08004640   0x00000088   Code   RO         5985    i.VL53L0X_GetLimitCheckValue  vl53l0x_api.o
    0x080046c8   0x00000040   Code   RO         5988    i.VL53L0X_GetMeasurementDataReady  vl53l0x_api.o
    0x08004708   0x00000004   Code   RO         5990    i.VL53L0X_GetMeasurementTimingBudgetMicroSeconds  vl53l0x_api.o
    0x0800470c   0x00000004   Code   RO         5994    i.VL53L0X_GetOffsetCalibrationDataMicroMeter  vl53l0x_api.o
    0x08004710   0x00000004   Code   RO         5995    i.VL53L0X_GetPalErrorString  vl53l0x_api.o
    0x08004714   0x00000004   Code   RO         6001    i.VL53L0X_GetRangeStatusString  vl53l0x_api.o
    0x08004718   0x0000012a   Code   RO         6002    i.VL53L0X_GetRangingMeasurementData  vl53l0x_api.o
    0x08004842   0x00000068   Code   RO         6006    i.VL53L0X_GetSequenceStepEnables  vl53l0x_api.o
    0x080048aa   0x00000004   Code   RO         6015    i.VL53L0X_GetVcselPulsePeriod  vl53l0x_api.o
    0x080048ae   0x00000034   Code   RO         6017    i.VL53L0X_GetWrapAroundCheckEnable  vl53l0x_api.o
    0x080048e2   0x0000000a   Code   RO         6018    i.VL53L0X_GetXTalkCompensationEnable  vl53l0x_api.o
    0x080048ec   0x00000030   Code   RO         6019    i.VL53L0X_GetXTalkCompensationRateMegaCps  vl53l0x_api.o
    0x0800491c   0x00000006   Code   RO         6021    i.VL53L0X_PerformRefCalibration  vl53l0x_api.o
    0x08004922   0x00000004   Code   RO         6022    i.VL53L0X_PerformRefSpadManagement  vl53l0x_api.o
    0x08004926   0x00000032   Code   RO         6024    i.VL53L0X_PerformSingleMeasurement  vl53l0x_api.o
    0x08004958   0x00000032   Code   RO         6025    i.VL53L0X_PerformSingleRangingMeasurement  vl53l0x_api.o
    0x0800498a   0x00000018   Code   RO         7199    i.VL53L0X_PollingDelay  vl53l0x_platform.o
    0x080049a2   0x00000016   Code   RO         7200    i.VL53L0X_RdByte    vl53l0x_platform.o
    0x080049b8   0x00000016   Code   RO         7201    i.VL53L0X_RdDWord   vl53l0x_platform.o
    0x080049ce   0x00000016   Code   RO         7202    i.VL53L0X_RdWord    vl53l0x_platform.o
    0x080049e4   0x0000001e   Code   RO         7203    i.VL53L0X_ReadMulti  vl53l0x_platform.o
    0x08004a02   0x00000008   Code   RO         6029    i.VL53L0X_SetDeviceAddress  vl53l0x_api.o
    0x08004a0a   0x00000024   Code   RO         6030    i.VL53L0X_SetDeviceMode  vl53l0x_api.o
    0x08004a2e   0x00000168   Code   RO         6033    i.VL53L0X_SetGpioConfig  vl53l0x_api.o
    0x08004b96   0x00000094   Code   RO         6038    i.VL53L0X_SetLimitCheckEnable  vl53l0x_api.o
    0x08004c2a   0x0000005a   Code   RO         6039    i.VL53L0X_SetLimitCheckValue  vl53l0x_api.o
    0x08004c84   0x00000004   Code   RO         6041    i.VL53L0X_SetMeasurementTimingBudgetMicroSeconds  vl53l0x_api.o
    0x08004c88   0x00000004   Code   RO         6043    i.VL53L0X_SetOffsetCalibrationDataMicroMeter  vl53l0x_api.o
    0x08004c8c   0x00000004   Code   RO         6046    i.VL53L0X_SetRefCalibration  vl53l0x_api.o
    0x08004c90   0x00000004   Code   RO         6047    i.VL53L0X_SetReferenceSpads  vl53l0x_api.o
    0x08004c94   0x000000b4   Code   RO         6048    i.VL53L0X_SetSequenceStepEnable  vl53l0x_api.o
    0x08004d48   0x00000004   Code   RO         6053    i.VL53L0X_SetVcselPulsePeriod  vl53l0x_api.o
    0x08004d4c   0x00000034   Code   RO         6056    i.VL53L0X_SetXTalkCompensationRateMegaCps  vl53l0x_api.o
    0x08004d80   0x000000ec   Code   RO         6057    i.VL53L0X_StartMeasurement  vl53l0x_api.o
    0x08004e6c   0x00000198   Code   RO         6058    i.VL53L0X_StaticInit  vl53l0x_api.o
    0x08005004   0x0000003c   Code   RO           18    i.VL53L0X_TASK      main.o
    0x08005040   0x00000044   Code   RO         7204    i.VL53L0X_UpdateByte  vl53l0x_platform.o
    0x08005084   0x00000016   Code   RO         7205    i.VL53L0X_WrByte    vl53l0x_platform.o
    0x0800509a   0x00000016   Code   RO         7207    i.VL53L0X_WrWord    vl53l0x_platform.o
    0x080050b0   0x0000001e   Code   RO         7208    i.VL53L0X_WriteMulti  vl53l0x_platform.o
    0x080050ce   0x00000002   PAD
    0x080050d0   0x000000dc   Code   RO         6757    i.VL53L0X_calc_dmax  vl53l0x_api_core.o
    0x080051ac   0x00000010   Code   RO         6758    i.VL53L0X_calc_macro_period_ps  vl53l0x_api_core.o
    0x080051bc   0x0000023c   Code   RO         6759    i.VL53L0X_calc_sigma_estimate  vl53l0x_api_core.o
    0x080053f8   0x00000022   Code   RO         6760    i.VL53L0X_calc_timeout_mclks  vl53l0x_api_core.o
    0x0800541a   0x00000022   Code   RO         6761    i.VL53L0X_calc_timeout_us  vl53l0x_api_core.o
    0x0800543c   0x0000003e   Code   RO         6943    i.VL53L0X_check_part_used  vl53l0x_api_strings.o
    0x0800547a   0x0000000c   Code   RO         6762    i.VL53L0X_decode_timeout  vl53l0x_api_core.o
    0x08005486   0x00000008   Code   RO         6763    i.VL53L0X_decode_vcsel_period  vl53l0x_api_core.o
    0x0800548e   0x0000004a   Code   RO         6764    i.VL53L0X_device_read_strobe  vl53l0x_api_core.o
    0x080054d8   0x00000020   Code   RO         6765    i.VL53L0X_encode_timeout  vl53l0x_api_core.o
    0x080054f8   0x0000000a   Code   RO         6766    i.VL53L0X_encode_vcsel_period  vl53l0x_api_core.o
    0x08005502   0x00000002   PAD
    0x08005504   0x000000cc   Code   RO         6945    i.VL53L0X_get_device_info  vl53l0x_api_strings.o
    0x080055d0   0x0000051e   Code   RO         6767    i.VL53L0X_get_info_from_device  vl53l0x_api_core.o
    0x08005aee   0x000000c4   Code   RO         6768    i.VL53L0X_get_measurement_timing_budget_micro_seconds  vl53l0x_api_core.o
    0x08005bb2   0x0000003a   Code   RO         6599    i.VL53L0X_get_offset_calibration_data_micro_meter  vl53l0x_api_calibration.o
    0x08005bec   0x00000298   Code   RO         6947    i.VL53L0X_get_pal_error_string  vl53l0x_api_strings.o
    0x08005e84   0x000001f8   Code   RO         6769    i.VL53L0X_get_pal_range_status  vl53l0x_api_core.o
    0x0800607c   0x000000c0   Code   RO         6949    i.VL53L0X_get_range_status_string  vl53l0x_api_strings.o
    0x0800613c   0x0000001c   Code   RO         6770    i.VL53L0X_get_total_signal_rate  vl53l0x_api_core.o
    0x08006158   0x0000002e   Code   RO         6771    i.VL53L0X_get_total_xtalk_rate  vl53l0x_api_core.o
    0x08006186   0x0000003a   Code   RO         6772    i.VL53L0X_get_vcsel_pulse_period  vl53l0x_api_core.o
    0x080061c0   0x00000044   Code   RO         7061    i.VL53L0X_i2c_init  vl53l0x_i2c.o
    0x08006204   0x0000002a   Code   RO         6773    i.VL53L0X_isqrt     vl53l0x_api_core.o
    0x0800622e   0x000000a8   Code   RO         6774    i.VL53L0X_load_tuning_settings  vl53l0x_api_core.o
    0x080062d6   0x00000034   Code   RO         6775    i.VL53L0X_measurement_poll_for_completion  vl53l0x_api_core.o
    0x0800630a   0x00000070   Code   RO         6603    i.VL53L0X_perform_phase_calibration  vl53l0x_api_calibration.o
    0x0800637a   0x00000040   Code   RO         6604    i.VL53L0X_perform_ref_calibration  vl53l0x_api_calibration.o
    0x080063ba   0x00000252   Code   RO         6605    i.VL53L0X_perform_ref_spad_management  vl53l0x_api_calibration.o
    0x0800660c   0x00000036   Code   RO         6606    i.VL53L0X_perform_single_ref_calibration  vl53l0x_api_calibration.o
    0x08006642   0x00000078   Code   RO         6607    i.VL53L0X_perform_vhv_calibration  vl53l0x_api_calibration.o
    0x080066ba   0x00000006   Code   RO         7062    i.VL53L0X_read_byte  vl53l0x_i2c.o
    0x080066c0   0x0000002c   Code   RO         7063    i.VL53L0X_read_dword  vl53l0x_i2c.o
    0x080066ec   0x00000016   Code   RO         7064    i.VL53L0X_read_multi  vl53l0x_i2c.o
    0x08006702   0x0000001c   Code   RO         7065    i.VL53L0X_read_word  vl53l0x_i2c.o
    0x0800671e   0x000000b4   Code   RO         6609    i.VL53L0X_ref_calibration_io  vl53l0x_api_calibration.o
    0x080067d2   0x000000de   Code   RO         6778    i.VL53L0X_set_measurement_timing_budget_micro_seconds  vl53l0x_api_core.o
    0x080068b0   0x00000038   Code   RO         6610    i.VL53L0X_set_offset_calibration_data_micro_meter  vl53l0x_api_calibration.o
    0x080068e8   0x00000020   Code   RO         6611    i.VL53L0X_set_ref_calibration  vl53l0x_api_calibration.o
    0x08006908   0x000000aa   Code   RO         6612    i.VL53L0X_set_reference_spads  vl53l0x_api_calibration.o
    0x080069b2   0x000002da   Code   RO         6779    i.VL53L0X_set_vcsel_pulse_period  vl53l0x_api_core.o
    0x08006c8c   0x0000000c   Code   RO         7066    i.VL53L0X_write_byte  vl53l0x_i2c.o
    0x08006c98   0x00000016   Code   RO         7068    i.VL53L0X_write_multi  vl53l0x_i2c.o
    0x08006cae   0x0000003c   Code   RO         7069    i.VL53L0X_write_word  vl53l0x_i2c.o
    0x08006cea   0x00000002   PAD
    0x08006cec   0x00000038   Code   RO         7070    i.VL_IIC_Ack        vl53l0x_i2c.o
    0x08006d24   0x00000038   Code   RO         7071    i.VL_IIC_NAck       vl53l0x_i2c.o
    0x08006d5c   0x0000006c   Code   RO         7073    i.VL_IIC_Read_Byte  vl53l0x_i2c.o
    0x08006dc8   0x0000006a   Code   RO         7074    i.VL_IIC_Read_nByte  vl53l0x_i2c.o
    0x08006e32   0x00000002   PAD
    0x08006e34   0x00000068   Code   RO         7075    i.VL_IIC_Send_Byte  vl53l0x_i2c.o
    0x08006e9c   0x00000038   Code   RO         7076    i.VL_IIC_Start      vl53l0x_i2c.o
    0x08006ed4   0x0000003c   Code   RO         7077    i.VL_IIC_Stop       vl53l0x_i2c.o
    0x08006f10   0x00000058   Code   RO         7078    i.VL_IIC_Wait_Ack   vl53l0x_i2c.o
    0x08006f68   0x0000004c   Code   RO         7080    i.VL_IIC_Write_nByte  vl53l0x_i2c.o
    0x08006fb4   0x00000024   Code   RO         7617    i.__0vsprintf       mc_w.l(printfa.o)
    0x08006fd8   0x0000000e   Code   RO         7690    i.__scatterload_copy  mc_w.l(handlers.o)
    0x08006fe6   0x00000002   Code   RO         7691    i.__scatterload_null  mc_w.l(handlers.o)
    0x08006fe8   0x0000000e   Code   RO         7692    i.__scatterload_zeroinit  mc_w.l(handlers.o)
    0x08006ff6   0x00000002   PAD
    0x08006ff8   0x00000184   Code   RO         7618    i._fp_digits        mc_w.l(printfa.o)
    0x0800717c   0x000006dc   Code   RO         7619    i._printf_core      mc_w.l(printfa.o)
    0x08007858   0x00000024   Code   RO         7620    i._printf_post_padding  mc_w.l(printfa.o)
    0x0800787c   0x0000002e   Code   RO         7621    i._printf_pre_padding  mc_w.l(printfa.o)
    0x080078aa   0x0000000a   Code   RO         7623    i._sputc            mc_w.l(printfa.o)
    0x080078b4   0x00000038   Code   RO           19    i.creat_HC08_TASK   main.o
    0x080078ec   0x00000040   Code   RO           20    i.creat_OLED_DISPLAY_TASK  main.o
    0x0800792c   0x0000003c   Code   RO           21    i.creat_VL53L0X_TASK  main.o
    0x08007968   0x0000001a   Code   RO         5300    i.delay_ms          delay.o
    0x08007982   0x00000002   PAD
    0x08007984   0x00000038   Code   RO         5301    i.delay_us          delay.o
    0x080079bc   0x00000094   Code   RO         6614    i.enable_ref_spads  vl53l0x_api_calibration.o
    0x08007a50   0x0000002a   Code   RO         6615    i.enable_spad_bit   vl53l0x_api_calibration.o
    0x08007a7a   0x00000052   Code   RO         6616    i.get_next_good_spad  vl53l0x_api_calibration.o
    0x08007acc   0x0000000a   Code   RO         6617    i.get_ref_spad_map  vl53l0x_api_calibration.o
    0x08007ad6   0x0000011a   Code   RO         6780    i.get_sequence_step_timeout  vl53l0x_api_core.o
    0x08007bf0   0x00000018   Code   RO         6618    i.is_aperture       vl53l0x_api_calibration.o
    0x08007c08   0x00000280   Code   RO           22    i.main              main.o
    0x08007e88   0x00000064   Code   RO         7009    i.mode_string       vl53l0x_gen.o
    0x08007eec   0x0000001a   Code   RO         5038    i.osAlarmHeapInfo   los_heap.o
    0x08007f06   0x0000001e   Code   RO         4744    i.osAtomicBitsetClearBit  los_slab.o
    0x08007f24   0x00000042   Code   RO         4746    i.osAtomicBitsetFindClearAndSet  los_slab.o
    0x08007f66   0x00000022   Code   RO         4747    i.osAtomicBitsetGetBit  los_slab.o
    0x08007f88   0x0000002c   Code   RO         4749    i.osAtomicBitsetInit  los_slab.o
    0x08007fb4   0x00000118   Code   RO         5039    i.osHeapAlloc       los_heap.o
    0x080080cc   0x0000003e   Code   RO         5040    i.osHeapAllocAlign  los_heap.o
    0x0800810a   0x00000002   PAD
    0x0800810c   0x0000010c   Code   RO         5041    i.osHeapFree        los_heap.o
    0x08008218   0x0000003e   Code   RO         5044    i.osHeapInit        los_heap.o
    0x08008256   0x00000016   Code   RO         5045    i.osHeapPrvGetNext  los_heap.o
    0x0800826c   0x00000050   Code   RO         5046    i.osHeapStatisticsGet  los_heap.o
    0x080082bc   0x00000002   Code   RO         4027    i.osIdleTask        los_task.o
    0x080082be   0x00000002   PAD
    0x080082c0   0x00000044   Code   RO         4028    i.osIdleTaskCreate  los_task.o
    0x08008304   0x00000006   Code   RO         3596    i.osIntNumGet       los_hwi.o
    0x0800830a   0x00000002   PAD
    0x0800830c   0x00000014   Code   RO         5121    i.osMemSystemInit   los_memory.o
    0x08008320   0x00000058   Code   RO         4466    i.osMuxInit         los_mux.o
    0x08008378   0x00000040   Code   RO         3683    i.osPriqueueDequeue  los_priqueue.o
    0x080083b8   0x0000003c   Code   RO         3684    i.osPriqueueEnqueue  los_priqueue.o
    0x080083f4   0x00000034   Code   RO         3685    i.osPriqueueInit    los_priqueue.o
    0x08008428   0x00000020   Code   RO         3686    i.osPriqueueSize    los_priqueue.o
    0x08008448   0x00000020   Code   RO         3687    i.osPriqueueTop     los_priqueue.o
    0x08008468   0x000000d8   Code   RO         4541    i.osQueueBufferOperate  los_queue.o
    0x08008540   0x0000005c   Code   RO         4542    i.osQueueInit       los_queue.o
    0x0800859c   0x00000160   Code   RO         4545    i.osQueueOperate    los_queue.o
    0x080086fc   0x00000034   Code   RO         4546    i.osQueueReadParameterCheck  los_queue.o
    0x08008730   0x00000034   Code   RO         4547    i.osQueueWriteParameterCheck  los_queue.o
    0x08008764   0x0000000c   Code   RO         3632    i.osRegister        los_init.o
    0x08008770   0x00000004   Code   RO         3450    i.osSchedule        los_hw.o
    0x08008774   0x00000054   Code   RO         4673    i.osSemInit         los_sem.o
    0x080087c8   0x0000001c   Code   RO         4750    i.osSlabAllocatorAlloc  los_slab.o
    0x080087e4   0x0000003a   Code   RO         4754    i.osSlabAllocatorFree  los_slab.o
    0x0800881e   0x00000048   Code   RO         4761    i.osSlabAllocatorNew  los_slab.o
    0x08008866   0x00000010   Code   RO         4878    i.osSlabBlockHeadFill  los_slabmem.o
    0x08008876   0x00000004   Code   RO         5122    i.osSlabCtrlHdrGet  los_memory.o
    0x0800887a   0x00000074   Code   RO         4880    i.osSlabMemAlloc    los_slabmem.o
    0x080088ee   0x00000060   Code   RO         4883    i.osSlabMemFree     los_slabmem.o
    0x0800894e   0x00000056   Code   RO         4884    i.osSlabMemInit     los_slabmem.o
    0x080089a4   0x00000084   Code   RO         3786    i.osSwTmrInit       los_swtmr.o
    0x08008a28   0x00000188   Code   RO         3787    i.osSwTmrStart      los_swtmr.o
    0x08008bb0   0x0000003c   Code   RO         3788    i.osSwTmrTask       los_swtmr.o
    0x08008bec   0x00000040   Code   RO         3789    i.osSwTmrTaskCreate  los_swtmr.o
    0x08008c2c   0x0000006c   Code   RO         3790    i.osSwTmrTimeoutHandle  los_swtmr.o
    0x08008c98   0x00000024   Code   RO         3792    i.osSwtmrDelete     los_swtmr.o
    0x08008cbc   0x00000020   Code   RO         3793    i.osSwtmrScan       los_swtmr.o
    0x08008cdc   0x00000054   Code   RO         3794    i.osSwtmrStop       los_swtmr.o
    0x08008d30   0x0000008c   Code   RO         4029    i.osTaskAdd2TimerList  los_task.o
    0x08008dbc   0x0000002c   Code   RO         4030    i.osTaskEntry       los_task.o
    0x08008de8   0x00000004   Code   RO         3451    i.osTaskExit        los_hw.o
    0x08008dec   0x000000e0   Code   RO         4031    i.osTaskInit        los_task.o
    0x08008ecc   0x0000002c   Code   RO         4032    i.osTaskMonInit     los_task.o
    0x08008ef8   0x00000034   Code   RO         4033    i.osTaskPriModify   los_task.o
    0x08008f2c   0x000000bc   Code   RO         4034    i.osTaskScan        los_task.o
    0x08008fe8   0x0000013c   Code   RO         4035    i.osTaskSwitchCheck  los_task.o
    0x08009124   0x0000004c   Code   RO         4036    i.osTaskWait        los_task.o
    0x08009170   0x00000042   Code   RO         4037    i.osTaskWake        los_task.o
    0x080091b2   0x00000002   PAD
    0x080091b4   0x00000028   Code   RO         4293    i.osTickHandler     los_tick.o
    0x080091dc   0x00000078   Code   RO         3545    i.osTickStart       los_hw_tick.o
    0x08009254   0x00000034   Code   RO         4038    i.osTimerListDelete  los_task.o
    0x08009288   0x00000038   Code   RO         4345    i.osTimesliceCheck  los_timeslice.o
    0x080092c0   0x00000010   Code   RO         4346    i.osTimesliceInit   los_timeslice.o
    0x080092d0   0x00000084   Code   RO         3452    i.osTskStackInit    los_hw.o
    0x08009354   0x0000005e   Code   RO         6619    i.perform_ref_signal_measurement  vl53l0x_api_calibration.o
    0x080093b2   0x00000002   PAD
    0x080093b4   0x00000034   Code   RO         5886    i.print_pal_error   vl53l0x.o
    0x080093e8   0x00000042   Code   RO         6062    i.sequence_step_enabled  vl53l0x_api.o
    0x0800942a   0x0000000a   Code   RO         6620    i.set_ref_spad_map  vl53l0x_api_calibration.o
    0x08009434   0x00000116   Code   RO         6781    i.set_sequence_step_timeout  vl53l0x_api_core.o
    0x0800954a   0x00000002   PAD
    0x0800954c   0x00000044   Code   RO         7547    i.u2_printf         usart3.o
    0x08009590   0x0000008c   Code   RO         5887    i.vl53l0x_Addr_set  vl53l0x.o
    0x0800961c   0x00000090   Code   RO         7010    i.vl53l0x_general_start  vl53l0x_gen.o
    0x080096ac   0x000000c0   Code   RO         7011    i.vl53l0x_general_test  vl53l0x_gen.o
    0x0800976c   0x000000c0   Code   RO         5889    i.vl53l0x_init      vl53l0x.o
    0x0800982c   0x0000003c   Code   RO         5890    i.vl53l0x_reset     vl53l0x.o
    0x08009868   0x00000160   Code   RO         7012    i.vl53l0x_set_mode  vl53l0x_gen.o
    0x080099c8   0x00000038   Code   RO         7013    i.vl53l0x_start_single_test  vl53l0x_gen.o
    0x08009a00   0x000000e0   Code   RO         5891    i.vl53l0x_test      vl53l0x.o
    0x08009ae0   0x00000010   Data   RO         3409    .constdata          system_stm32f1xx.o
    0x08009af0   0x00000008   Data   RO         3410    .constdata          system_stm32f1xx.o
    0x08009af8   0x000005f0   Data   RO         7347    .constdata          font.o
    0x0800a0e8   0x00000020   Data   RO         7688    Region$$Table       anon$$obj.o


    Execution Region RW_IRAM1 (Base: 0x20000000, Size: 0x000015d8, Max: 0x00005000, ABSOLUTE, COMPRESSED[0x000002c4])

    Base Addr    Size         Type   Attr      Idx    E Section Name        Object

    0x20000000   0x00000004   Data   RW           23    .data               main.o
    0x20000004   0x00000004   Data   RW           24    .data               main.o
    0x20000008   0x00000004   Data   RW           29    .data               main.o
    0x2000000c   0x00000010   Data   RW          471    .data               binky_demo.o
    0x2000001c   0x0000000c   Data   RW         1452    .data               stm32f1xx_hal.o
    0x20000028   0x00000004   Data   RW         3411    .data               system_stm32f1xx.o
    0x2000002c   0x00000004   Data   RW         3633    .data               los_init.o
    0x20000030   0x00000008   Data   RW         3689    .data               los_priqueue.o
    0x20000038   0x0000001c   Data   RW         3797    .data               los_swtmr.o
    0x20000054   0x00000048   Data   RW         4041    .data               los_task.o
    0x2000009c   0x00000004   Data   RW         4294    .data               los_tick.o
    0x200000a0   0x00000010   Data   RW         4295    .data               los_tick.o
    0x200000b0   0x00000004   Data   RW         4298    .data               los_tick.o
    0x200000b4   0x00000008   Data   RW         4347    .data               los_timeslice.o
    0x200000bc   0x0000000c   Data   RW         4467    .data               los_mux.o
    0x200000c8   0x0000000c   Data   RW         4548    .data               los_queue.o
    0x200000d4   0x0000000c   Data   RW         4674    .data               los_sem.o
    0x200000e0   0x00000004   Data   RW         4975    .data               los_err.o
    0x200000e4   0x00000010   Data   RW         5047    .data               los_heap.o
    0x200000f4   0x00000004   Data   RW         5123    .data               los_memory.o
    0x200000f8   0x00000004   Data   RW         5302    .data               delay.o
    0x200000fc   0x00000001   Data   RW         5391    .data               key.o
    0x200000fd   0x00000001   Data   RW         5539    .data               uart_msp.o
    0x200000fe   0x00000002   PAD
    0x20000100   0x00000008   Data   RW         5607    .data               debug.o
    0x20000108   0x00000001   Data   RW         5893    .data               vl53l0x.o
    0x20000109   0x00000038   Data   RW         5894    .data               vl53l0x.o
    0x20000141   0x000002a9   Data   RW         6063    .data               vl53l0x_api.o
    0x200003ea   0x00000002   PAD
    0x200003ec   0x00000010   Data   RW         6621    .data               vl53l0x_api_calibration.o
    0x200003fc   0x00000002   Data   RW         7015    .data               vl53l0x_gen.o
    0x200003fe   0x00000001   Data   RW         7439    .data               hc05.o
    0x200003ff   0x00000001   PAD
    0x20000400   0x00000002   Data   RW         7549    .data               usart3.o
    0x20000402   0x00000002   PAD
    0x20000404   0x00000040   Zero   RW         3796    .bss                los_swtmr.o
    0x20000444   0x00000156   Zero   RW         4039    .bss                los_task.o
    0x2000059a   0x00000002   PAD
    0x2000059c   0x00000450   Zero   RW         5538    .bss                uart_msp.o
    0x200009ec   0x00000201   Zero   RW         5606    .bss                debug.o
    0x20000bed   0x00000003   PAD
    0x20000bf0   0x00000030   Zero   RW         5713    .bss                adc.o
    0x20000c20   0x000001db   Zero   RW         5892    .bss                vl53l0x.o
    0x20000dfb   0x00000001   PAD
    0x20000dfc   0x0000003c   Zero   RW         7014    .bss                vl53l0x_gen.o
    0x20000e38   0x00000040   Zero   RW         7507    .bss                timer.o
    0x20000e78   0x00000360   Zero   RW         7548    .bss                usart3.o
    0x200011d8   0x00000400   Zero   RW            1    STACK               startup_stm32f103xb.o


==============================================================================

Image component sizes


      Code (inc. data)   RO Data    RW Data    ZI Data      Debug   Object Name

       104          0          0          0          0       1784   24cxx.o
       224         22          0          0         48       2532   adc.o
      1020        462          0         16          0       9079   binky_demo.o
       104          8          0          8        513       2009   debug.o
        82          6          0          4          0       3078   delay.o
         0          0       1520          0          0        887   font.o
       696        176          0          1          0       3572   hc05.o
       510         48          0          0          0       5549   iic_msp.o
       348         32          0          1          0       3574   key.o
       204         24          0          0          0        400   los_dispatch_keil.o
        44         10          0          4          0       2294   los_err.o
       800         90          0         16          0       6978   los_heap.o
       204         20          0          0          0      13198   los_hw.o
       120         24          0          0          0      22897   los_hw_tick.o
        42          8          0          0          0       3704   los_hwi.o
       324        138          0          4          0       2284   los_init.o
       366         70          0          4          0       4498   los_memory.o
        20          0          0          0          0        588   los_misc.o
       852        170          0         12          0       6140   los_mux.o
       254         34          0          8          0      15330   los_priqueue.o
      1074         98          0         12          0      17312   los_queue.o
        98         12          0         12          0       2692   los_sem.o
       332          0          0          0          0       5838   los_slab.o
       314          0          0          0          0       3907   los_slabmem.o
      1276        100          0         28         64      13571   los_swtmr.o
        12          6          0          0          0        471   los_sys.o
      2366        302          0         72        342      26098   los_task.o
        40          6          0         24          0        960   los_tick.o
        72         16          0          8          0       1197   los_timeslice.o
      1850        844          0         12          0     479505   main.o
       462          6          0          0          0       3780   oled.o
       308         40          0          0          0       3011   oled_iic.o
        60          0          0          0          0       1998   queue.o
        36          8        236          0       1024        768   startup_stm32f103xb.o
       116         20          0         12          0       4667   stm32f1xx_hal.o
      1264         50          0          0          0       6260   stm32f1xx_hal_adc.o
       228          6          0          0          0       1426   stm32f1xx_hal_adc_ex.o
       194         14          0          0          0      25695   stm32f1xx_hal_cortex.o
       554         38          0          0          0       5000   stm32f1xx_hal_gpio.o
        60          8          0          0          0        814   stm32f1xx_hal_msp.o
      1464         98          0          0          0       6396   stm32f1xx_hal_rcc.o
       476         44          0          0          0       2593   stm32f1xx_hal_rcc_ex.o
       188         14          0          0          0       2377   stm32f1xx_hal_tim.o
      1026          4          0          0          0       4679   stm32f1xx_hal_uart.o
        42          0          0          0          0       3611   stm32f1xx_it.o
        72         16         24          4          0       1079   system_stm32f1xx.o
        40         10          0          0          0        743   tim.o
       148         18          0          0         64       1425   timer.o
       340         48          0          1       1104       3570   uart_msp.o
       384         50          0          2        864       2556   usart3.o
       668        208          0         57        475       4849   vl53l0x.o
      3388         62          0        681          0      33878   vl53l0x_api.o
      1850         14          0         16          0      16919   vl53l0x_api_calibration.o
      4928         16          0          0          0      27807   vl53l0x_api_core.o
      1122        612          0          0          0       3881   vl53l0x_api_strings.o
       844        210          0          2         60       4049   vl53l0x_gen.o
       972         70          0          0          0      10618   vl53l0x_i2c.o
       262          0          0          0          0       6603   vl53l0x_platform.o

    ----------------------------------------------------------------------
     35294       4410       1812       1028       4564     852978   Object Totals
         0          0         32          0          0          0   (incl. Generated)
        46          0          0          7          6          0   (incl. Padding)

    ----------------------------------------------------------------------

      Code (inc. data)   RO Data    RW Data    ZI Data      Debug   Library Member Name

        86          0          0          0          0          0   __dczerorl2.o
         0          0          0          0          0          0   entry.o
         0          0          0          0          0          0   entry10a.o
         0          0          0          0          0          0   entry11a.o
         8          4          0          0          0          0   entry2.o
         4          0          0          0          0          0   entry5.o
         0          0          0          0          0          0   entry7b.o
         0          0          0          0          0          0   entry8b.o
         8          4          0          0          0          0   entry9a.o
        30          0          0          0          0          0   handlers.o
        36          8          0          0          0         68   init.o
         0          0          0          0          0          0   iusefp.o
        30          0          0          0          0         68   llshl.o
        36          0          0          0          0         68   llsshr.o
        32          0          0          0          0         68   llushr.o
        36          0          0          0          0         68   memcpya.o
        36          0          0          0          0        108   memseta.o
      2272         86          0          0          0        516   printfa.o
        28          0          0          0          0         76   strcmp.o
        18          0          0          0          0         68   strcpy.o
        14          0          0          0          0         68   strlen.o
        44          0          0          0          0         80   uidiv.o
        98          0          0          0          0         92   uldiv.o
        48          0          0          0          0         68   cdrcmple.o
        56          0          0          0          0         88   d2f.o
       334          0          0          0          0        148   dadd.o
       222          0          0          0          0        100   ddiv.o
       186          0          0          0          0        176   depilogue.o
        48          0          0          0          0         68   dfixul.o
        26          0          0          0          0         76   dfltui.o
       228          0          0          0          0         96   dmul.o
       110          0          0          0          0        168   fepilogue.o
        40          0          0          0          0         68   ffixui.o

    ----------------------------------------------------------------------
      4118        102          0          0          0       2404   Library Totals
         4          0          0          0          0          0   (incl. Padding)

    ----------------------------------------------------------------------

      Code (inc. data)   RO Data    RW Data    ZI Data      Debug   Library Name

      2816        102          0          0          0       1348   mc_w.l
      1298          0          0          0          0       1056   mf_w.l

    ----------------------------------------------------------------------
      4118        102          0          0          0       2404   Library Totals

    ----------------------------------------------------------------------

==============================================================================


      Code (inc. data)   RO Data    RW Data    ZI Data      Debug   

     39412       4512       1812       1028       4564     837310   Grand Totals
     39412       4512       1812        708       4564     837310   ELF Image Totals (compressed)
     39412       4512       1812        708          0          0   ROM Totals

==============================================================================

    Total RO  Size (Code + RO Data)                41224 (  40.26kB)
    Total RW  Size (RW Data + ZI Data)              5592 (   5.46kB)
    Total ROM Size (Code + RO Data + RW Data)      41932 (  40.95kB)

==============================================================================

